Component: Arm Compiler for Embedded 6.22 Tool: armlink [5ee90200]

==============================================================================

Section Cross References

    main.o(.text.main) refers to sysclock.o(.text.ES_setSystemClk) for ES_setSystemClk
    main.o(.text.main) refers to pwm.o(.text.PWM_block_setup) for PWM_block_setup
    main.o(.text.main) refers to delay.o(.text.ES_msDelay) for ES_msDelay
    main.o(.text.main) refers to pwm.o(.text.PWM1_pulse_width) for PWM1_pulse_width
    main.o(.text.main) refers to pwm.o(.text.PWM2_pulse_width) for PWM2_pulse_width
    main.o(.text.main) refers to pwm.o(.text.PWM3_pulse_width) for PWM3_pulse_width
    main.o(.text.main) refers to pwm.o(.text.PWM4_pulse_width) for PWM4_pulse_width
    main.o(.text.main) refers to pwm.o(.text.PWM5_pulse_width) for PWM5_pulse_width
    main.o(.text.main) refers to pwm.o(.text.PWM6_pulse_width) for PWM6_pulse_width
    main.o(.ARM.exidx.text.main) refers to main.o(.text.main) for [Anonymous Symbol]
    pwm.o(.ARM.exidx.text.PWM1_init) refers to pwm.o(.text.PWM1_init) for [Anonymous Symbol]
    pwm.o(.ARM.exidx.text.PWM2_init) refers to pwm.o(.text.PWM2_init) for [Anonymous Symbol]
    pwm.o(.ARM.exidx.text.PWM3_init) refers to pwm.o(.text.PWM3_init) for [Anonymous Symbol]
    pwm.o(.ARM.exidx.text.PWM4_init) refers to pwm.o(.text.PWM4_init) for [Anonymous Symbol]
    pwm.o(.ARM.exidx.text.PWM5_init) refers to pwm.o(.text.PWM5_init) for [Anonymous Symbol]
    pwm.o(.ARM.exidx.text.PWM6_init) refers to pwm.o(.text.PWM6_init) for [Anonymous Symbol]
    pwm.o(.text.PWM1_setup) refers to dflt_clz.o(x$fpl$dflt) for __aeabi_i2d
    pwm.o(.text.PWM1_setup) refers to ddiv.o(x$fpl$ddiv) for __aeabi_ddiv
    pwm.o(.text.PWM1_setup) refers to d2f.o(x$fpl$d2f) for __aeabi_d2f
    pwm.o(.ARM.exidx.text.PWM1_setup) refers to pwm.o(.text.PWM1_setup) for [Anonymous Symbol]
    pwm.o(.text.PWM2_setup) refers to dflt_clz.o(x$fpl$dflt) for __aeabi_i2d
    pwm.o(.text.PWM2_setup) refers to ddiv.o(x$fpl$ddiv) for __aeabi_ddiv
    pwm.o(.text.PWM2_setup) refers to d2f.o(x$fpl$d2f) for __aeabi_d2f
    pwm.o(.ARM.exidx.text.PWM2_setup) refers to pwm.o(.text.PWM2_setup) for [Anonymous Symbol]
    pwm.o(.text.PWM3_setup) refers to dflt_clz.o(x$fpl$dflt) for __aeabi_i2d
    pwm.o(.text.PWM3_setup) refers to ddiv.o(x$fpl$ddiv) for __aeabi_ddiv
    pwm.o(.text.PWM3_setup) refers to d2f.o(x$fpl$d2f) for __aeabi_d2f
    pwm.o(.ARM.exidx.text.PWM3_setup) refers to pwm.o(.text.PWM3_setup) for [Anonymous Symbol]
    pwm.o(.text.PWM4_setup) refers to dflt_clz.o(x$fpl$dflt) for __aeabi_i2d
    pwm.o(.text.PWM4_setup) refers to ddiv.o(x$fpl$ddiv) for __aeabi_ddiv
    pwm.o(.text.PWM4_setup) refers to d2f.o(x$fpl$d2f) for __aeabi_d2f
    pwm.o(.ARM.exidx.text.PWM4_setup) refers to pwm.o(.text.PWM4_setup) for [Anonymous Symbol]
    pwm.o(.text.PWM5_setup) refers to dflt_clz.o(x$fpl$dflt) for __aeabi_i2d
    pwm.o(.text.PWM5_setup) refers to ddiv.o(x$fpl$ddiv) for __aeabi_ddiv
    pwm.o(.text.PWM5_setup) refers to d2f.o(x$fpl$d2f) for __aeabi_d2f
    pwm.o(.ARM.exidx.text.PWM5_setup) refers to pwm.o(.text.PWM5_setup) for [Anonymous Symbol]
    pwm.o(.text.PWM6_setup) refers to dflt_clz.o(x$fpl$dflt) for __aeabi_i2d
    pwm.o(.text.PWM6_setup) refers to ddiv.o(x$fpl$ddiv) for __aeabi_ddiv
    pwm.o(.text.PWM6_setup) refers to d2f.o(x$fpl$d2f) for __aeabi_d2f
    pwm.o(.ARM.exidx.text.PWM6_setup) refers to pwm.o(.text.PWM6_setup) for [Anonymous Symbol]
    pwm.o(.ARM.exidx.text.PWM1_pulse_width) refers to pwm.o(.text.PWM1_pulse_width) for [Anonymous Symbol]
    pwm.o(.ARM.exidx.text.PWM2_pulse_width) refers to pwm.o(.text.PWM2_pulse_width) for [Anonymous Symbol]
    pwm.o(.ARM.exidx.text.PWM3_pulse_width) refers to pwm.o(.text.PWM3_pulse_width) for [Anonymous Symbol]
    pwm.o(.ARM.exidx.text.PWM4_pulse_width) refers to pwm.o(.text.PWM4_pulse_width) for [Anonymous Symbol]
    pwm.o(.ARM.exidx.text.PWM5_pulse_width) refers to pwm.o(.text.PWM5_pulse_width) for [Anonymous Symbol]
    pwm.o(.ARM.exidx.text.PWM6_pulse_width) refers to pwm.o(.text.PWM6_pulse_width) for [Anonymous Symbol]
    pwm.o(.text.PWM_block_setup) refers to pwm.o(.text.PWM1_init) for PWM1_init
    pwm.o(.text.PWM_block_setup) refers to pwm.o(.text.PWM1_setup) for PWM1_setup
    pwm.o(.text.PWM_block_setup) refers to pwm.o(.text.PWM2_init) for PWM2_init
    pwm.o(.text.PWM_block_setup) refers to pwm.o(.text.PWM3_init) for PWM3_init
    pwm.o(.text.PWM_block_setup) refers to pwm.o(.text.PWM2_setup) for PWM2_setup
    pwm.o(.text.PWM_block_setup) refers to pwm.o(.text.PWM3_setup) for PWM3_setup
    pwm.o(.text.PWM_block_setup) refers to pwm.o(.text.PWM4_init) for PWM4_init
    pwm.o(.text.PWM_block_setup) refers to pwm.o(.text.PWM5_init) for PWM5_init
    pwm.o(.text.PWM_block_setup) refers to pwm.o(.text.PWM4_setup) for PWM4_setup
    pwm.o(.text.PWM_block_setup) refers to pwm.o(.text.PWM5_setup) for PWM5_setup
    pwm.o(.text.PWM_block_setup) refers to pwm.o(.text.PWM6_init) for PWM6_init
    pwm.o(.text.PWM_block_setup) refers to pwm.o(.text.PWM6_setup) for PWM6_setup
    pwm.o(.ARM.exidx.text.PWM_block_setup) refers to pwm.o(.text.PWM_block_setup) for [Anonymous Symbol]
    positioning.o(.text.movement_test) refers to delay.o(.text.ES_msDelay) for ES_msDelay
    positioning.o(.text.movement_test) refers to pwm.o(.text.PWM1_pulse_width) for PWM1_pulse_width
    positioning.o(.text.movement_test) refers to pwm.o(.text.PWM2_pulse_width) for PWM2_pulse_width
    positioning.o(.text.movement_test) refers to pwm.o(.text.PWM3_pulse_width) for PWM3_pulse_width
    positioning.o(.text.movement_test) refers to pwm.o(.text.PWM4_pulse_width) for PWM4_pulse_width
    positioning.o(.text.movement_test) refers to pwm.o(.text.PWM5_pulse_width) for PWM5_pulse_width
    positioning.o(.text.movement_test) refers to pwm.o(.text.PWM6_pulse_width) for PWM6_pulse_width
    positioning.o(.ARM.exidx.text.movement_test) refers to positioning.o(.text.movement_test) for [Anonymous Symbol]
    positioning.o(.ARM.exidx.text.raw_set_axis) refers to positioning.o(.text.raw_set_axis) for [Anonymous Symbol]
    positioning.o(.ARM.exidx.text.raw_increment_axis) refers to positioning.o(.text.raw_increment_axis) for [Anonymous Symbol]
    positioning.o(.ARM.exidx.text.raw_decrement_axis) refers to positioning.o(.text.raw_decrement_axis) for [Anonymous Symbol]
    startup_tm4c129.o(STACK) refers (Special) to heapauxi.o(.text) for __use_two_region_memory
    startup_tm4c129.o(HEAP) refers (Special) to heapauxi.o(.text) for __use_two_region_memory
    startup_tm4c129.o(RESET) refers (Special) to heapauxi.o(.text) for __use_two_region_memory
    startup_tm4c129.o(RESET) refers to startup_tm4c129.o(STACK) for __initial_sp
    startup_tm4c129.o(RESET) refers to startup_tm4c129.o(.text) for Reset_Handler
    startup_tm4c129.o(.text) refers (Special) to heapauxi.o(.text) for __use_two_region_memory
    startup_tm4c129.o(.text) refers to system_tm4c129.o(.text.SystemInit) for SystemInit
    startup_tm4c129.o(.text) refers to __main.o(!!!main) for __main
    startup_tm4c129.o(.text) refers to startup_tm4c129.o(HEAP) for Heap_Mem
    startup_tm4c129.o(.text) refers to startup_tm4c129.o(STACK) for Stack_Mem
    system_tm4c129.o(.text.SystemCoreClockUpdate) refers to system_tm4c129.o(.data.SystemCoreClock) for SystemCoreClock
    system_tm4c129.o(.ARM.exidx.text.SystemCoreClockUpdate) refers to system_tm4c129.o(.text.SystemCoreClockUpdate) for [Anonymous Symbol]
    system_tm4c129.o(.text.SystemInit) refers to system_tm4c129.o(.data.SystemCoreClock) for SystemCoreClock
    system_tm4c129.o(.ARM.exidx.text.SystemInit) refers to system_tm4c129.o(.text.SystemInit) for [Anonymous Symbol]
    sysclock.o(.text.ES_setSystemClk) refers to sysclock.o(.rodata..L__const.ES_setSystemClk.allowed_freq) for .L__const.ES_setSystemClk.allowed_freq
    sysclock.o(.text.ES_setSystemClk) refers to dflt_clz.o(x$fpl$dflt) for __aeabi_i2d
    sysclock.o(.text.ES_setSystemClk) refers to dmul.o(x$fpl$dmul) for __aeabi_dmul
    sysclock.o(.text.ES_setSystemClk) refers to dfixu.o(x$fpl$dfixu) for __aeabi_d2uiz
    sysclock.o(.text.ES_setSystemClk) refers to sysctl.o(i.SysCtlClockFreqSet) for SysCtlClockFreqSet
    sysclock.o(.text.ES_setSystemClk) refers to sysclock.o(.bss.ui32SysClock) for ui32SysClock
    sysclock.o(.ARM.exidx.text.ES_setSystemClk) refers to sysclock.o(.text.ES_setSystemClk) for [Anonymous Symbol]
    sysclock.o(.text.ES_getSystemClk) refers to sysclock.o(.bss.ui32SysClock) for ui32SysClock
    sysclock.o(.ARM.exidx.text.ES_getSystemClk) refers to sysclock.o(.text.ES_getSystemClk) for [Anonymous Symbol]
    delay.o(.text.ES_msDelay) refers to sysclock.o(.text.ES_getSystemClk) for ES_getSystemClk
    delay.o(.text.ES_msDelay) refers to sysctl.o(.emb_text) for SysCtlDelay
    delay.o(.ARM.exidx.text.ES_msDelay) refers to delay.o(.text.ES_msDelay) for [Anonymous Symbol]
    delay.o(.text.ES_usDelay) refers to sysclock.o(.text.ES_getSystemClk) for ES_getSystemClk
    delay.o(.text.ES_usDelay) refers to sysctl.o(.emb_text) for SysCtlDelay
    delay.o(.ARM.exidx.text.ES_usDelay) refers to delay.o(.text.ES_usDelay) for [Anonymous Symbol]
    sysctl.o(i.SysCtlClockFreqSet) refers to sysctl.o(.constdata) for .constdata
    sysctl.o(i.SysCtlClockGet) refers to sysctl.o(.constdata) for .constdata
    sysctl.o(i.SysCtlClockSet) refers to sysctl.o(.emb_text) for SysCtlDelay
    sysctl.o(i.SysCtlDeepSleep) refers to cpu.o(.emb_text) for CPUwfi
    sysctl.o(i.SysCtlIntRegister) refers to interrupt.o(i.IntRegister) for IntRegister
    sysctl.o(i.SysCtlIntRegister) refers to interrupt.o(i.IntEnable) for IntEnable
    sysctl.o(i.SysCtlIntUnregister) refers to interrupt.o(i.IntDisable) for IntDisable
    sysctl.o(i.SysCtlIntUnregister) refers to interrupt.o(i.IntUnregister) for IntUnregister
    sysctl.o(i.SysCtlSleep) refers to cpu.o(.emb_text) for CPUwfi
    sysctl.o(i.SysCtlVCOGet) refers to sysctl.o(.constdata) for .constdata
    interrupt.o(i.IntDisable) refers to interrupt.o(.constdata) for .constdata
    interrupt.o(i.IntEnable) refers to interrupt.o(.constdata) for .constdata
    interrupt.o(i.IntIsEnabled) refers to interrupt.o(.constdata) for .constdata
    interrupt.o(i.IntMasterDisable) refers to cpu.o(.emb_text) for CPUcpsid
    interrupt.o(i.IntMasterEnable) refers to cpu.o(.emb_text) for CPUcpsie
    interrupt.o(i.IntPendClear) refers to interrupt.o(.constdata) for .constdata
    interrupt.o(i.IntPendSet) refers to interrupt.o(.constdata) for .constdata
    interrupt.o(i.IntPriorityGet) refers to interrupt.o(.constdata) for .constdata
    interrupt.o(i.IntPriorityGroupingGet) refers to interrupt.o(.constdata) for .constdata
    interrupt.o(i.IntPriorityGroupingSet) refers to interrupt.o(.constdata) for .constdata
    interrupt.o(i.IntPriorityMaskGet) refers to cpu.o(.emb_text) for CPUbasepriGet
    interrupt.o(i.IntPriorityMaskSet) refers to cpu.o(.emb_text) for CPUbasepriSet
    interrupt.o(i.IntPrioritySet) refers to interrupt.o(.constdata) for .constdata
    interrupt.o(i.IntRegister) refers to interrupt.o(vtable) for vtable
    interrupt.o(i.IntUnregister) refers to interrupt.o(i._IntDefaultHandler) for _IntDefaultHandler
    interrupt.o(i.IntUnregister) refers to interrupt.o(vtable) for vtable
    __main.o(!!!main) refers to __rtentry.o(.ARM.Collect$$rtentry$$00000000) for __rt_entry
    d2f.o(x$fpl$d2f) refers (Special) to usenofp.o(x$fpl$usenofp) for __I$use$fp
    d2f.o(x$fpl$d2f) refers to fretinf.o(x$fpl$fretinf) for __fpl_fretinf
    d2f.o(x$fpl$d2f) refers to dnaninf.o(x$fpl$dnaninf) for __fpl_dnaninf
    ddiv.o(x$fpl$drdiv) refers (Special) to usenofp.o(x$fpl$usenofp) for __I$use$fp
    ddiv.o(x$fpl$drdiv) refers to ddiv.o(x$fpl$ddiv) for ddiv_entry
    ddiv.o(x$fpl$ddiv) refers (Special) to usenofp.o(x$fpl$usenofp) for __I$use$fp
    ddiv.o(x$fpl$ddiv) refers to dretinf.o(x$fpl$dretinf) for __fpl_dretinf
    ddiv.o(x$fpl$ddiv) refers to dnaninf.o(x$fpl$dnaninf) for __fpl_dnaninf
    dfixu.o(x$fpl$dfixu) refers (Special) to usenofp.o(x$fpl$usenofp) for __I$use$fp
    dfixu.o(x$fpl$dfixu) refers to dnaninf.o(x$fpl$dnaninf) for __fpl_dnaninf
    dfixu.o(x$fpl$dfixur) refers (Special) to usenofp.o(x$fpl$usenofp) for __I$use$fp
    dfixu.o(x$fpl$dfixur) refers to dnaninf.o(x$fpl$dnaninf) for __fpl_dnaninf
    dflt_clz.o(x$fpl$dfltu) refers (Special) to usenofp.o(x$fpl$usenofp) for __I$use$fp
    dflt_clz.o(x$fpl$dflt) refers (Special) to usenofp.o(x$fpl$usenofp) for __I$use$fp
    dflt_clz.o(x$fpl$dfltn) refers (Special) to usenofp.o(x$fpl$usenofp) for __I$use$fp
    dmul.o(x$fpl$dmul) refers (Special) to usenofp.o(x$fpl$usenofp) for __I$use$fp
    dmul.o(x$fpl$dmul) refers to dretinf.o(x$fpl$dretinf) for __fpl_dretinf
    dmul.o(x$fpl$dmul) refers to dnaninf.o(x$fpl$dnaninf) for __fpl_dnaninf
    __rtentry.o(.ARM.Collect$$rtentry$$00000000) refers (Special) to __rtentry2.o(.ARM.Collect$$rtentry$$0000000A) for __rt_entry_li
    __rtentry.o(.ARM.Collect$$rtentry$$00000000) refers (Special) to __rtentry2.o(.ARM.Collect$$rtentry$$0000000D) for __rt_entry_main
    __rtentry.o(.ARM.Collect$$rtentry$$00000000) refers (Special) to __rtentry2.o(.ARM.Collect$$rtentry$$0000000C) for __rt_entry_postli_1
    __rtentry.o(.ARM.Collect$$rtentry$$00000000) refers (Special) to __rtentry2.o(.ARM.Collect$$rtentry$$00000009) for __rt_entry_postsh_1
    __rtentry.o(.ARM.Collect$$rtentry$$00000000) refers (Special) to __rtentry2.o(.ARM.Collect$$rtentry$$00000002) for __rt_entry_presh_1
    __rtentry.o(.ARM.Collect$$rtentry$$00000000) refers (Special) to __rtentry4.o(.ARM.Collect$$rtentry$$00000004) for __rt_entry_sh
    dnaninf.o(x$fpl$dnaninf) refers (Special) to usenofp.o(x$fpl$usenofp) for __I$use$fp
    dretinf.o(x$fpl$dretinf) refers (Special) to usenofp.o(x$fpl$usenofp) for __I$use$fp
    fretinf.o(x$fpl$fretinf) refers (Special) to usenofp.o(x$fpl$usenofp) for __I$use$fp
    __rtentry2.o(.ARM.Collect$$rtentry$$00000008) refers to boardinit2.o(.text) for _platform_post_stackheap_init
    __rtentry2.o(.ARM.Collect$$rtentry$$0000000A) refers to libinit.o(.ARM.Collect$$libinit$$00000000) for __rt_lib_init
    __rtentry2.o(.ARM.Collect$$rtentry$$0000000B) refers to boardinit3.o(.text) for _platform_post_lib_init
    __rtentry2.o(.ARM.Collect$$rtentry$$0000000D) refers to main.o(.text.main) for main
    __rtentry2.o(.ARM.Collect$$rtentry$$0000000D) refers to exit.o(.text) for exit
    __rtentry2.o(.ARM.exidx) refers to __rtentry2.o(.ARM.Collect$$rtentry$$00000001) for .ARM.Collect$$rtentry$$00000001
    __rtentry2.o(.ARM.exidx) refers to __rtentry2.o(.ARM.Collect$$rtentry$$00000008) for .ARM.Collect$$rtentry$$00000008
    __rtentry2.o(.ARM.exidx) refers to __rtentry2.o(.ARM.Collect$$rtentry$$0000000A) for .ARM.Collect$$rtentry$$0000000A
    __rtentry2.o(.ARM.exidx) refers to __rtentry2.o(.ARM.Collect$$rtentry$$0000000B) for .ARM.Collect$$rtentry$$0000000B
    __rtentry2.o(.ARM.exidx) refers to __rtentry2.o(.ARM.Collect$$rtentry$$0000000D) for .ARM.Collect$$rtentry$$0000000D
    __rtentry4.o(.ARM.Collect$$rtentry$$00000004) refers to sys_stackheap_outer.o(.text) for __user_setup_stackheap
    __rtentry4.o(.ARM.exidx) refers to __rtentry4.o(.ARM.Collect$$rtentry$$00000004) for .ARM.Collect$$rtentry$$00000004
    sys_stackheap_outer.o(.text) refers to libspace.o(.text) for __user_perproc_libspace
    sys_stackheap_outer.o(.text) refers to startup_tm4c129.o(.text) for __user_initial_stackheap
    exit.o(.text) refers to rtexit.o(.ARM.Collect$$rtexit$$00000000) for __rt_exit
    libinit.o(.ARM.Collect$$libinit$$00000000) refers (Special) to libinit2.o(.ARM.Collect$$libinit$$00000030) for __rt_lib_init_alloca_1
    libinit.o(.ARM.Collect$$libinit$$00000000) refers (Special) to libinit2.o(.ARM.Collect$$libinit$$0000002E) for __rt_lib_init_argv_1
    libinit.o(.ARM.Collect$$libinit$$00000000) refers (Special) to libinit2.o(.ARM.Collect$$libinit$$0000001D) for __rt_lib_init_atexit_1
    libinit.o(.ARM.Collect$$libinit$$00000000) refers (Special) to libinit2.o(.ARM.Collect$$libinit$$00000023) for __rt_lib_init_clock_1
    libinit.o(.ARM.Collect$$libinit$$00000000) refers (Special) to libinit2.o(.ARM.Collect$$libinit$$00000034) for __rt_lib_init_cpp_1
    libinit.o(.ARM.Collect$$libinit$$00000000) refers (Special) to libinit2.o(.ARM.Collect$$libinit$$00000032) for __rt_lib_init_exceptions_1
    libinit.o(.ARM.Collect$$libinit$$00000000) refers (Special) to libinit2.o(.ARM.Collect$$libinit$$00000001) for __rt_lib_init_fp_1
    libinit.o(.ARM.Collect$$libinit$$00000000) refers (Special) to libinit2.o(.ARM.Collect$$libinit$$00000021) for __rt_lib_init_fp_trap_1
    libinit.o(.ARM.Collect$$libinit$$00000000) refers (Special) to libinit2.o(.ARM.Collect$$libinit$$00000025) for __rt_lib_init_getenv_1
    libinit.o(.ARM.Collect$$libinit$$00000000) refers (Special) to libinit2.o(.ARM.Collect$$libinit$$0000000C) for __rt_lib_init_heap_1
    libinit.o(.ARM.Collect$$libinit$$00000000) refers (Special) to libinit2.o(.ARM.Collect$$libinit$$00000013) for __rt_lib_init_lc_collate_1
    libinit.o(.ARM.Collect$$libinit$$00000000) refers (Special) to libinit2.o(.ARM.Collect$$libinit$$00000015) for __rt_lib_init_lc_ctype_1
    libinit.o(.ARM.Collect$$libinit$$00000000) refers (Special) to libinit2.o(.ARM.Collect$$libinit$$00000017) for __rt_lib_init_lc_monetary_1
    libinit.o(.ARM.Collect$$libinit$$00000000) refers (Special) to libinit2.o(.ARM.Collect$$libinit$$00000019) for __rt_lib_init_lc_numeric_1
    libinit.o(.ARM.Collect$$libinit$$00000000) refers (Special) to libinit2.o(.ARM.Collect$$libinit$$0000001B) for __rt_lib_init_lc_time_1
    libinit.o(.ARM.Collect$$libinit$$00000000) refers (Special) to libinit2.o(.ARM.Collect$$libinit$$00000006) for __rt_lib_init_preinit_1
    libinit.o(.ARM.Collect$$libinit$$00000000) refers (Special) to libinit2.o(.ARM.Collect$$libinit$$00000010) for __rt_lib_init_rand_1
    libinit.o(.ARM.Collect$$libinit$$00000000) refers (Special) to libinit2.o(.ARM.Collect$$libinit$$00000004) for __rt_lib_init_relocate_pie_1
    libinit.o(.ARM.Collect$$libinit$$00000000) refers (Special) to libinit2.o(.ARM.Collect$$libinit$$00000035) for __rt_lib_init_return
    libinit.o(.ARM.Collect$$libinit$$00000000) refers (Special) to libinit2.o(.ARM.Collect$$libinit$$0000001F) for __rt_lib_init_signal_1
    libinit.o(.ARM.Collect$$libinit$$00000000) refers (Special) to libinit2.o(.ARM.Collect$$libinit$$00000027) for __rt_lib_init_stdio_1
    libinit.o(.ARM.Collect$$libinit$$00000000) refers (Special) to libinit2.o(.ARM.Collect$$libinit$$0000000E) for __rt_lib_init_user_alloc_1
    libspace.o(.text) refers to libspace.o(.bss) for __libspace_start
    rtexit.o(.ARM.Collect$$rtexit$$00000000) refers (Special) to rtexit2.o(.ARM.Collect$$rtexit$$00000004) for __rt_exit_exit
    rtexit.o(.ARM.Collect$$rtexit$$00000000) refers (Special) to rtexit2.o(.ARM.Collect$$rtexit$$00000003) for __rt_exit_ls
    rtexit.o(.ARM.Collect$$rtexit$$00000000) refers (Special) to rtexit2.o(.ARM.Collect$$rtexit$$00000002) for __rt_exit_prels_1
    rtexit.o(.ARM.exidx) refers (Special) to rtexit2.o(.ARM.Collect$$rtexit$$00000004) for __rt_exit_exit
    rtexit.o(.ARM.exidx) refers (Special) to rtexit2.o(.ARM.Collect$$rtexit$$00000003) for __rt_exit_ls
    rtexit.o(.ARM.exidx) refers (Special) to rtexit2.o(.ARM.Collect$$rtexit$$00000002) for __rt_exit_prels_1
    rtexit.o(.ARM.exidx) refers to rtexit.o(.ARM.Collect$$rtexit$$00000000) for .ARM.Collect$$rtexit$$00000000
    libinit2.o(.ARM.Collect$$libinit$$00000001) refers to fpinit.o(x$fpl$fpinit) for _fp_init
    libinit2.o(.ARM.Collect$$libinit$$00000012) refers to libinit2.o(.ARM.Collect$$libinit$$00000011) for .ARM.Collect$$libinit$$00000011
    libinit2.o(.ARM.Collect$$libinit$$00000014) refers to libinit2.o(.ARM.Collect$$libinit$$00000011) for .ARM.Collect$$libinit$$00000011
    libinit2.o(.ARM.Collect$$libinit$$00000016) refers to libinit2.o(.ARM.Collect$$libinit$$00000011) for .ARM.Collect$$libinit$$00000011
    libinit2.o(.ARM.Collect$$libinit$$00000018) refers to libinit2.o(.ARM.Collect$$libinit$$00000011) for .ARM.Collect$$libinit$$00000011
    libinit2.o(.ARM.Collect$$libinit$$0000001A) refers to libinit2.o(.ARM.Collect$$libinit$$00000011) for .ARM.Collect$$libinit$$00000011
    libinit2.o(.ARM.Collect$$libinit$$00000028) refers to argv_veneer.o(.emb_text) for __ARM_argv_veneer
    libinit2.o(.ARM.Collect$$libinit$$00000029) refers to argv_veneer.o(.emb_text) for __ARM_argv_veneer
    rtexit2.o(.ARM.Collect$$rtexit$$00000003) refers to libshutdown.o(.ARM.Collect$$libshutdown$$00000000) for __rt_lib_shutdown
    rtexit2.o(.ARM.Collect$$rtexit$$00000004) refers to sys_exit.o(.text) for _sys_exit
    rtexit2.o(.ARM.exidx) refers to rtexit2.o(.ARM.Collect$$rtexit$$00000001) for .ARM.Collect$$rtexit$$00000001
    rtexit2.o(.ARM.exidx) refers to rtexit2.o(.ARM.Collect$$rtexit$$00000003) for .ARM.Collect$$rtexit$$00000003
    rtexit2.o(.ARM.exidx) refers to rtexit2.o(.ARM.Collect$$rtexit$$00000004) for .ARM.Collect$$rtexit$$00000004
    argv_veneer.o(.emb_text) refers to no_argv.o(.text) for __ARM_get_argv
    sys_exit.o(.text) refers (Special) to use_no_semi.o(.text) for __I$use$semihosting
    sys_exit.o(.text) refers (Special) to indicate_semi.o(.text) for __semihosting_library_function
    sys_exit_hlt.o(.text) refers (Special) to use_no_semi.o(.text) for __I$use$semihosting
    sys_exit_hlt.o(.text) refers (Special) to indicate_semi.o(.text) for __semihosting_library_function
    _get_argv_nomalloc.o(.text) refers (Special) to hrguard.o(.text) for __heap_region$guard
    _get_argv_nomalloc.o(.text) refers to defsig_rtmem_outer.o(.text) for __rt_SIGRTMEM
    _get_argv_nomalloc.o(.text) refers to sys_command.o(.text) for _sys_command_string
    libshutdown.o(.ARM.Collect$$libshutdown$$00000000) refers (Special) to libshutdown2.o(.ARM.Collect$$libshutdown$$00000002) for __rt_lib_shutdown_cpp_1
    libshutdown.o(.ARM.Collect$$libshutdown$$00000000) refers (Special) to libshutdown2.o(.ARM.Collect$$libshutdown$$00000007) for __rt_lib_shutdown_fp_trap_1
    libshutdown.o(.ARM.Collect$$libshutdown$$00000000) refers (Special) to libshutdown2.o(.ARM.Collect$$libshutdown$$0000000F) for __rt_lib_shutdown_heap_1
    libshutdown.o(.ARM.Collect$$libshutdown$$00000000) refers (Special) to libshutdown2.o(.ARM.Collect$$libshutdown$$00000010) for __rt_lib_shutdown_return
    libshutdown.o(.ARM.Collect$$libshutdown$$00000000) refers (Special) to libshutdown2.o(.ARM.Collect$$libshutdown$$0000000A) for __rt_lib_shutdown_signal_1
    libshutdown.o(.ARM.Collect$$libshutdown$$00000000) refers (Special) to libshutdown2.o(.ARM.Collect$$libshutdown$$00000004) for __rt_lib_shutdown_stdio_1
    libshutdown.o(.ARM.Collect$$libshutdown$$00000000) refers (Special) to libshutdown2.o(.ARM.Collect$$libshutdown$$0000000C) for __rt_lib_shutdown_user_alloc_1
    sys_command.o(.text) refers (Special) to use_no_semi.o(.text) for __I$use$semihosting
    sys_command.o(.text) refers (Special) to indicate_semi.o(.text) for __semihosting_library_function
    sys_command_hlt.o(.text) refers (Special) to use_no_semi.o(.text) for __I$use$semihosting
    sys_command_hlt.o(.text) refers (Special) to indicate_semi.o(.text) for __semihosting_library_function
    defsig_rtmem_outer.o(.text) refers to defsig_rtmem_inner.o(.text) for __rt_SIGRTMEM_inner
    defsig_rtmem_outer.o(.text) refers to defsig_exit.o(.text) for __sig_exit
    defsig_rtmem_formal.o(.text) refers to rt_raise.o(.text) for __rt_raise
    rt_raise.o(.text) refers to __raise.o(.text) for __raise
    rt_raise.o(.text) refers to sys_exit.o(.text) for _sys_exit
    defsig_exit.o(.text) refers to sys_exit.o(.text) for _sys_exit
    defsig_rtmem_inner.o(.text) refers to defsig_general.o(.text) for __default_signal_display
    __raise.o(.text) refers to defsig.o(CL$$defsig) for __default_signal_handler
    defsig_general.o(.text) refers to sys_wrch.o(.text) for _ttywrch
    sys_wrch.o(.text) refers (Special) to use_no_semi.o(.text) for __I$use$semihosting
    sys_wrch.o(.text) refers (Special) to indicate_semi.o(.text) for __semihosting_library_function
    sys_wrch_hlt.o(.text) refers (Special) to use_no_semi.o(.text) for __I$use$semihosting
    sys_wrch_hlt.o(.text) refers (Special) to indicate_semi.o(.text) for __semihosting_library_function
    defsig.o(CL$$defsig) refers to defsig_rtmem_inner.o(.text) for __rt_SIGRTMEM_inner
    defsig_abrt_inner.o(.text) refers to defsig_general.o(.text) for __default_signal_display
    defsig_fpe_inner.o(.text) refers to defsig_general.o(.text) for __default_signal_display
    defsig_rtred_inner.o(.text) refers to defsig_general.o(.text) for __default_signal_display
    defsig_stak_inner.o(.text) refers to defsig_general.o(.text) for __default_signal_display
    defsig_pvfn_inner.o(.text) refers to defsig_general.o(.text) for __default_signal_display
    defsig_cppl_inner.o(.text) refers to defsig_general.o(.text) for __default_signal_display
    defsig_segv_inner.o(.text) refers to defsig_general.o(.text) for __default_signal_display
    defsig_other.o(.text) refers to defsig_general.o(.text) for __default_signal_display


==============================================================================

Removing Unused input sections from the image.

    Removing main.o(.text), (0 bytes).
    Removing main.o(.ARM.exidx.text.main), (8 bytes).
    Removing main.o(.ARM.use_no_argv), (4 bytes).
    Removing pwm.o(.text), (0 bytes).
    Removing pwm.o(.ARM.exidx.text.PWM1_init), (8 bytes).
    Removing pwm.o(.ARM.exidx.text.PWM2_init), (8 bytes).
    Removing pwm.o(.ARM.exidx.text.PWM3_init), (8 bytes).
    Removing pwm.o(.ARM.exidx.text.PWM4_init), (8 bytes).
    Removing pwm.o(.ARM.exidx.text.PWM5_init), (8 bytes).
    Removing pwm.o(.ARM.exidx.text.PWM6_init), (8 bytes).
    Removing pwm.o(.ARM.exidx.text.PWM1_setup), (8 bytes).
    Removing pwm.o(.ARM.exidx.text.PWM2_setup), (8 bytes).
    Removing pwm.o(.ARM.exidx.text.PWM3_setup), (8 bytes).
    Removing pwm.o(.ARM.exidx.text.PWM4_setup), (8 bytes).
    Removing pwm.o(.ARM.exidx.text.PWM5_setup), (8 bytes).
    Removing pwm.o(.ARM.exidx.text.PWM6_setup), (8 bytes).
    Removing pwm.o(.ARM.exidx.text.PWM1_pulse_width), (8 bytes).
    Removing pwm.o(.ARM.exidx.text.PWM2_pulse_width), (8 bytes).
    Removing pwm.o(.ARM.exidx.text.PWM3_pulse_width), (8 bytes).
    Removing pwm.o(.ARM.exidx.text.PWM4_pulse_width), (8 bytes).
    Removing pwm.o(.ARM.exidx.text.PWM5_pulse_width), (8 bytes).
    Removing pwm.o(.ARM.exidx.text.PWM6_pulse_width), (8 bytes).
    Removing pwm.o(.ARM.exidx.text.PWM_block_setup), (8 bytes).
    Removing positioning.o(.text), (0 bytes).
    Removing positioning.o(.text.movement_test), (474 bytes).
    Removing positioning.o(.ARM.exidx.text.movement_test), (8 bytes).
    Removing positioning.o(.text.raw_set_axis), (64 bytes).
    Removing positioning.o(.ARM.exidx.text.raw_set_axis), (8 bytes).
    Removing positioning.o(.text.raw_increment_axis), (8 bytes).
    Removing positioning.o(.ARM.exidx.text.raw_increment_axis), (8 bytes).
    Removing positioning.o(.text.raw_decrement_axis), (8 bytes).
    Removing positioning.o(.ARM.exidx.text.raw_decrement_axis), (8 bytes).
    Removing system_tm4c129.o(.text), (0 bytes).
    Removing system_tm4c129.o(.text.SystemCoreClockUpdate), (20 bytes).
    Removing system_tm4c129.o(.ARM.exidx.text.SystemCoreClockUpdate), (8 bytes).
    Removing system_tm4c129.o(.ARM.exidx.text.SystemInit), (8 bytes).
    Removing sysclock.o(.text), (0 bytes).
    Removing sysclock.o(.ARM.exidx.text.ES_setSystemClk), (8 bytes).
    Removing sysclock.o(.ARM.exidx.text.ES_getSystemClk), (8 bytes).
    Removing delay.o(.text), (0 bytes).
    Removing delay.o(.ARM.exidx.text.ES_msDelay), (8 bytes).
    Removing delay.o(.text.ES_usDelay), (56 bytes).
    Removing delay.o(.ARM.exidx.text.ES_usDelay), (8 bytes).
    Removing sysctl.o(i.SysCtlAltClkConfig), (12 bytes).
    Removing sysctl.o(i.SysCtlClockGet), (340 bytes).
    Removing sysctl.o(i.SysCtlClockOutConfig), (20 bytes).
    Removing sysctl.o(i.SysCtlClockSet), (288 bytes).
    Removing sysctl.o(i.SysCtlDeepSleep), (32 bytes).
    Removing sysctl.o(i.SysCtlDeepSleepClockConfigSet), (112 bytes).
    Removing sysctl.o(i.SysCtlDeepSleepClockSet), (12 bytes).
    Removing sysctl.o(i.SysCtlDeepSleepPowerSet), (12 bytes).
    Removing sysctl.o(i.SysCtlFlashSectorSizeGet), (56 bytes).
    Removing sysctl.o(i.SysCtlFlashSizeGet), (56 bytes).
    Removing sysctl.o(i.SysCtlGPIOAHBDisable), (28 bytes).
    Removing sysctl.o(i.SysCtlGPIOAHBEnable), (24 bytes).
    Removing sysctl.o(i.SysCtlIntClear), (12 bytes).
    Removing sysctl.o(i.SysCtlIntDisable), (16 bytes).
    Removing sysctl.o(i.SysCtlIntEnable), (16 bytes).
    Removing sysctl.o(i.SysCtlIntRegister), (20 bytes).
    Removing sysctl.o(i.SysCtlIntStatus), (16 bytes).
    Removing sysctl.o(i.SysCtlIntUnregister), (18 bytes).
    Removing sysctl.o(i.SysCtlLDODeepSleepGet), (12 bytes).
    Removing sysctl.o(i.SysCtlLDODeepSleepSet), (12 bytes).
    Removing sysctl.o(i.SysCtlLDOSleepGet), (12 bytes).
    Removing sysctl.o(i.SysCtlLDOSleepSet), (12 bytes).
    Removing sysctl.o(i.SysCtlMOSCConfigSet), (12 bytes).
    Removing sysctl.o(i.SysCtlNMIClear), (16 bytes).
    Removing sysctl.o(i.SysCtlNMIStatus), (12 bytes).
    Removing sysctl.o(i.SysCtlPIOSCCalibrate), (76 bytes).
    Removing sysctl.o(i.SysCtlPWMClockGet), (24 bytes).
    Removing sysctl.o(i.SysCtlPWMClockSet), (20 bytes).
    Removing sysctl.o(i.SysCtlPeripheralClockGating), (68 bytes).
    Removing sysctl.o(i.SysCtlPeripheralDeepSleepDisable), (40 bytes).
    Removing sysctl.o(i.SysCtlPeripheralDeepSleepEnable), (40 bytes).
    Removing sysctl.o(i.SysCtlPeripheralDisable), (40 bytes).
    Removing sysctl.o(i.SysCtlPeripheralEnable), (40 bytes).
    Removing sysctl.o(i.SysCtlPeripheralPowerOff), (40 bytes).
    Removing sysctl.o(i.SysCtlPeripheralPowerOn), (40 bytes).
    Removing sysctl.o(i.SysCtlPeripheralPresent), (44 bytes).
    Removing sysctl.o(i.SysCtlPeripheralReady), (44 bytes).
    Removing sysctl.o(i.SysCtlPeripheralReset), (60 bytes).
    Removing sysctl.o(i.SysCtlPeripheralSleepDisable), (40 bytes).
    Removing sysctl.o(i.SysCtlPeripheralSleepEnable), (40 bytes).
    Removing sysctl.o(i.SysCtlReset), (16 bytes).
    Removing sysctl.o(i.SysCtlResetBehaviorGet), (12 bytes).
    Removing sysctl.o(i.SysCtlResetBehaviorSet), (12 bytes).
    Removing sysctl.o(i.SysCtlResetCauseClear), (16 bytes).
    Removing sysctl.o(i.SysCtlResetCauseGet), (12 bytes).
    Removing sysctl.o(i.SysCtlSRAMSizeGet), (16 bytes).
    Removing sysctl.o(i.SysCtlSleep), (4 bytes).
    Removing sysctl.o(i.SysCtlSleepPowerSet), (12 bytes).
    Removing sysctl.o(i.SysCtlUSBPLLDisable), (16 bytes).
    Removing sysctl.o(i.SysCtlUSBPLLEnable), (16 bytes).
    Removing sysctl.o(i.SysCtlVCOGet), (120 bytes).
    Removing sysctl.o(i.SysCtlVoltageEventClear), (16 bytes).
    Removing sysctl.o(i.SysCtlVoltageEventConfig), (12 bytes).
    Removing sysctl.o(i.SysCtlVoltageEventStatus), (12 bytes).
    Removing cpu.o(.emb_text), (38 bytes).
    Removing interrupt.o(i.IntDisable), (100 bytes).
    Removing interrupt.o(i.IntEnable), (100 bytes).
    Removing interrupt.o(i.IntIsEnabled), (96 bytes).
    Removing interrupt.o(i.IntMasterDisable), (14 bytes).
    Removing interrupt.o(i.IntMasterEnable), (14 bytes).
    Removing interrupt.o(i.IntPendClear), (68 bytes).
    Removing interrupt.o(i.IntPendSet), (84 bytes).
    Removing interrupt.o(i.IntPriorityGet), (28 bytes).
    Removing interrupt.o(i.IntPriorityGroupingGet), (36 bytes).
    Removing interrupt.o(i.IntPriorityGroupingSet), (28 bytes).
    Removing interrupt.o(i.IntPriorityMaskGet), (4 bytes).
    Removing interrupt.o(i.IntPriorityMaskSet), (4 bytes).
    Removing interrupt.o(i.IntPrioritySet), (40 bytes).
    Removing interrupt.o(i.IntRegister), (52 bytes).
    Removing interrupt.o(i.IntTrigger), (12 bytes).
    Removing interrupt.o(i.IntUnregister), (20 bytes).
    Removing interrupt.o(i._IntDefaultHandler), (2 bytes).
    Removing interrupt.o(.constdata), (268 bytes).
    Removing interrupt.o(vtable), (620 bytes).

117 unused section(s) (total 4628 bytes) removed from the image.

==============================================================================

Image Symbol Table

    Local Symbols

    Symbol Name                              Value     Ov Type        Size  Object(Section)

    ../clib/angel/boardlib.s                 0x00000000   Number         0  boardinit1.o ABSOLUTE
    ../clib/angel/boardlib.s                 0x00000000   Number         0  boardinit2.o ABSOLUTE
    ../clib/angel/boardlib.s                 0x00000000   Number         0  boardinit3.o ABSOLUTE
    ../clib/angel/boardlib.s                 0x00000000   Number         0  boardshut.o ABSOLUTE
    ../clib/angel/handlers.s                 0x00000000   Number         0  __scatter_copy.o ABSOLUTE
    ../clib/angel/handlers.s                 0x00000000   Number         0  __scatter_zi.o ABSOLUTE
    ../clib/angel/kernel.s                   0x00000000   Number         0  __rtentry.o ABSOLUTE
    ../clib/angel/kernel.s                   0x00000000   Number         0  __rtentry2.o ABSOLUTE
    ../clib/angel/kernel.s                   0x00000000   Number         0  __rtentry4.o ABSOLUTE
    ../clib/angel/kernel.s                   0x00000000   Number         0  rtexit.o ABSOLUTE
    ../clib/angel/kernel.s                   0x00000000   Number         0  rtexit2.o ABSOLUTE
    ../clib/angel/rt.s                       0x00000000   Number         0  rt_raise.o ABSOLUTE
    ../clib/angel/scatter.s                  0x00000000   Number         0  __scatter.o ABSOLUTE
    ../clib/angel/startup.s                  0x00000000   Number         0  __main.o ABSOLUTE
    ../clib/angel/sys.s                      0x00000000   Number         0  sys_stackheap_outer.o ABSOLUTE
    ../clib/angel/sys.s                      0x00000000   Number         0  libspace.o ABSOLUTE
    ../clib/angel/sys.s                      0x00000000   Number         0  use_no_semi.o ABSOLUTE
    ../clib/angel/sys.s                      0x00000000   Number         0  indicate_semi.o ABSOLUTE
    ../clib/angel/sysapp.c                   0x00000000   Number         0  sys_exit.o ABSOLUTE
    ../clib/angel/sysapp.c                   0x00000000   Number         0  sys_exit_hlt.o ABSOLUTE
    ../clib/angel/sysapp.c                   0x00000000   Number         0  sys_command.o ABSOLUTE
    ../clib/angel/sysapp.c                   0x00000000   Number         0  sys_command_hlt.o ABSOLUTE
    ../clib/angel/sysapp.c                   0x00000000   Number         0  sys_wrch.o ABSOLUTE
    ../clib/angel/sysapp.c                   0x00000000   Number         0  sys_wrch_hlt.o ABSOLUTE
    ../clib/armsys.c                         0x00000000   Number         0  argv_veneer.o ABSOLUTE
    ../clib/armsys.c                         0x00000000   Number         0  argv_veneer.o ABSOLUTE
    ../clib/armsys.c                         0x00000000   Number         0  _get_argv_nomalloc.o ABSOLUTE
    ../clib/armsys.c                         0x00000000   Number         0  no_argv.o ABSOLUTE
    ../clib/heapalloc.c                      0x00000000   Number         0  hrguard.o ABSOLUTE
    ../clib/heapaux.c                        0x00000000   Number         0  heapauxi.o ABSOLUTE
    ../clib/libinit.s                        0x00000000   Number         0  libinit.o ABSOLUTE
    ../clib/libinit.s                        0x00000000   Number         0  libinit2.o ABSOLUTE
    ../clib/libinit.s                        0x00000000   Number         0  libshutdown.o ABSOLUTE
    ../clib/libinit.s                        0x00000000   Number         0  libshutdown2.o ABSOLUTE
    ../clib/signal.c                         0x00000000   Number         0  defsig_rtmem_outer.o ABSOLUTE
    ../clib/signal.c                         0x00000000   Number         0  defsig_rtmem_formal.o ABSOLUTE
    ../clib/signal.c                         0x00000000   Number         0  defsig_exit.o ABSOLUTE
    ../clib/signal.c                         0x00000000   Number         0  defsig_rtmem_inner.o ABSOLUTE
    ../clib/signal.c                         0x00000000   Number         0  __raise.o ABSOLUTE
    ../clib/signal.c                         0x00000000   Number         0  defsig_general.o ABSOLUTE
    ../clib/signal.c                         0x00000000   Number         0  defsig_abrt_inner.o ABSOLUTE
    ../clib/signal.c                         0x00000000   Number         0  defsig_fpe_inner.o ABSOLUTE
    ../clib/signal.c                         0x00000000   Number         0  defsig_rtred_inner.o ABSOLUTE
    ../clib/signal.c                         0x00000000   Number         0  defsig_stak_inner.o ABSOLUTE
    ../clib/signal.c                         0x00000000   Number         0  defsig_pvfn_inner.o ABSOLUTE
    ../clib/signal.c                         0x00000000   Number         0  defsig_cppl_inner.o ABSOLUTE
    ../clib/signal.c                         0x00000000   Number         0  defsig_segv_inner.o ABSOLUTE
    ../clib/signal.c                         0x00000000   Number         0  defsig_other.o ABSOLUTE
    ../clib/signal.s                         0x00000000   Number         0  defsig.o ABSOLUTE
    ../clib/stdlib.c                         0x00000000   Number         0  exit.o ABSOLUTE
    ../fplib/d2f.s                           0x00000000   Number         0  d2f.o ABSOLUTE
    ../fplib/ddiv.s                          0x00000000   Number         0  ddiv.o ABSOLUTE
    ../fplib/dfixu.s                         0x00000000   Number         0  dfixu.o ABSOLUTE
    ../fplib/dflt.s                          0x00000000   Number         0  dflt_clz.o ABSOLUTE
    ../fplib/dmul.s                          0x00000000   Number         0  dmul.o ABSOLUTE
    ../fplib/dnaninf.s                       0x00000000   Number         0  dnaninf.o ABSOLUTE
    ../fplib/dretinf.s                       0x00000000   Number         0  dretinf.o ABSOLUTE
    ../fplib/fpinit.s                        0x00000000   Number         0  fpinit.o ABSOLUTE
    ../fplib/fretinf.s                       0x00000000   Number         0  fretinf.o ABSOLUTE
    ../fplib/usenofp.s                       0x00000000   Number         0  usenofp.o ABSOLUTE
    RTE/Device/TM4C1294NCPDT/startup_TM4C129.s 0x00000000   Number         0  startup_tm4c129.o ABSOLUTE
    cpu.c                                    0x00000000   Number         0  cpu.o ABSOLUTE
    cpu.c                                    0x00000000   Number         0  cpu.o ABSOLUTE
    dc.s                                     0x00000000   Number         0  dc.o ABSOLUTE
    delay.c                                  0x00000000   Number         0  delay.o ABSOLUTE
    interrupt.c                              0x00000000   Number         0  interrupt.o ABSOLUTE
    main.c                                   0x00000000   Number         0  main.o ABSOLUTE
    positioning.c                            0x00000000   Number         0  positioning.o ABSOLUTE
    pwm.c                                    0x00000000   Number         0  pwm.o ABSOLUTE
    sysclock.c                               0x00000000   Number         0  sysclock.o ABSOLUTE
    sysctl.c                                 0x00000000   Number         0  sysctl.o ABSOLUTE
    sysctl.c                                 0x00000000   Number         0  sysctl.o ABSOLUTE
    system_TM4C129.c                         0x00000000   Number         0  system_tm4c129.o ABSOLUTE
    RESET                                    0x00000000   Section      512  startup_tm4c129.o(RESET)
    !!!main                                  0x00000200   Section        8  __main.o(!!!main)
    !!!scatter                               0x00000208   Section       92  __scatter.o(!!!scatter)
    !!handler_copy                           0x00000264   Section       26  __scatter_copy.o(!!handler_copy)
    !!handler_null                           0x00000280   Section        2  __scatter.o(!!handler_null)
    !!handler_zi                             0x00000284   Section       28  __scatter_zi.o(!!handler_zi)
    .ARM.Collect$$libinit$$00000000          0x000002a0   Section        2  libinit.o(.ARM.Collect$$libinit$$00000000)
    .ARM.Collect$$libinit$$00000001          0x000002a2   Section        4  libinit2.o(.ARM.Collect$$libinit$$00000001)
    .ARM.Collect$$libinit$$00000004          0x000002a6   Section        0  libinit2.o(.ARM.Collect$$libinit$$00000004)
    .ARM.Collect$$libinit$$00000006          0x000002a6   Section        0  libinit2.o(.ARM.Collect$$libinit$$00000006)
    .ARM.Collect$$libinit$$0000000C          0x000002a6   Section        0  libinit2.o(.ARM.Collect$$libinit$$0000000C)
    .ARM.Collect$$libinit$$0000000E          0x000002a6   Section        0  libinit2.o(.ARM.Collect$$libinit$$0000000E)
    .ARM.Collect$$libinit$$00000010          0x000002a6   Section        0  libinit2.o(.ARM.Collect$$libinit$$00000010)
    .ARM.Collect$$libinit$$00000013          0x000002a6   Section        0  libinit2.o(.ARM.Collect$$libinit$$00000013)
    .ARM.Collect$$libinit$$00000015          0x000002a6   Section        0  libinit2.o(.ARM.Collect$$libinit$$00000015)
    .ARM.Collect$$libinit$$00000017          0x000002a6   Section        0  libinit2.o(.ARM.Collect$$libinit$$00000017)
    .ARM.Collect$$libinit$$00000019          0x000002a6   Section        0  libinit2.o(.ARM.Collect$$libinit$$00000019)
    .ARM.Collect$$libinit$$0000001B          0x000002a6   Section        0  libinit2.o(.ARM.Collect$$libinit$$0000001B)
    .ARM.Collect$$libinit$$0000001D          0x000002a6   Section        0  libinit2.o(.ARM.Collect$$libinit$$0000001D)
    .ARM.Collect$$libinit$$0000001F          0x000002a6   Section        0  libinit2.o(.ARM.Collect$$libinit$$0000001F)
    .ARM.Collect$$libinit$$00000021          0x000002a6   Section        0  libinit2.o(.ARM.Collect$$libinit$$00000021)
    .ARM.Collect$$libinit$$00000023          0x000002a6   Section        0  libinit2.o(.ARM.Collect$$libinit$$00000023)
    .ARM.Collect$$libinit$$00000025          0x000002a6   Section        0  libinit2.o(.ARM.Collect$$libinit$$00000025)
    .ARM.Collect$$libinit$$00000027          0x000002a6   Section        0  libinit2.o(.ARM.Collect$$libinit$$00000027)
    .ARM.Collect$$libinit$$0000002E          0x000002a6   Section        0  libinit2.o(.ARM.Collect$$libinit$$0000002E)
    .ARM.Collect$$libinit$$00000030          0x000002a6   Section        0  libinit2.o(.ARM.Collect$$libinit$$00000030)
    .ARM.Collect$$libinit$$00000032          0x000002a6   Section        0  libinit2.o(.ARM.Collect$$libinit$$00000032)
    .ARM.Collect$$libinit$$00000034          0x000002a6   Section        0  libinit2.o(.ARM.Collect$$libinit$$00000034)
    .ARM.Collect$$libinit$$00000035          0x000002a6   Section        2  libinit2.o(.ARM.Collect$$libinit$$00000035)
    .ARM.Collect$$libshutdown$$00000000      0x000002a8   Section        2  libshutdown.o(.ARM.Collect$$libshutdown$$00000000)
    .ARM.Collect$$libshutdown$$00000002      0x000002aa   Section        0  libshutdown2.o(.ARM.Collect$$libshutdown$$00000002)
    .ARM.Collect$$libshutdown$$00000004      0x000002aa   Section        0  libshutdown2.o(.ARM.Collect$$libshutdown$$00000004)
    .ARM.Collect$$libshutdown$$00000007      0x000002aa   Section        0  libshutdown2.o(.ARM.Collect$$libshutdown$$00000007)
    .ARM.Collect$$libshutdown$$0000000A      0x000002aa   Section        0  libshutdown2.o(.ARM.Collect$$libshutdown$$0000000A)
    .ARM.Collect$$libshutdown$$0000000C      0x000002aa   Section        0  libshutdown2.o(.ARM.Collect$$libshutdown$$0000000C)
    .ARM.Collect$$libshutdown$$0000000F      0x000002aa   Section        0  libshutdown2.o(.ARM.Collect$$libshutdown$$0000000F)
    .ARM.Collect$$libshutdown$$00000010      0x000002aa   Section        2  libshutdown2.o(.ARM.Collect$$libshutdown$$00000010)
    .ARM.Collect$$rtentry$$00000000          0x000002ac   Section        0  __rtentry.o(.ARM.Collect$$rtentry$$00000000)
    .ARM.Collect$$rtentry$$00000002          0x000002ac   Section        0  __rtentry2.o(.ARM.Collect$$rtentry$$00000002)
    .ARM.Collect$$rtentry$$00000004          0x000002ac   Section        6  __rtentry4.o(.ARM.Collect$$rtentry$$00000004)
    .ARM.Collect$$rtentry$$00000009          0x000002b2   Section        0  __rtentry2.o(.ARM.Collect$$rtentry$$00000009)
    .ARM.Collect$$rtentry$$0000000A          0x000002b2   Section        4  __rtentry2.o(.ARM.Collect$$rtentry$$0000000A)
    .ARM.Collect$$rtentry$$0000000C          0x000002b6   Section        0  __rtentry2.o(.ARM.Collect$$rtentry$$0000000C)
    .ARM.Collect$$rtentry$$0000000D          0x000002b6   Section        8  __rtentry2.o(.ARM.Collect$$rtentry$$0000000D)
    .ARM.Collect$$rtexit$$00000000           0x000002be   Section        2  rtexit.o(.ARM.Collect$$rtexit$$00000000)
    .ARM.Collect$$rtexit$$00000002           0x000002c0   Section        0  rtexit2.o(.ARM.Collect$$rtexit$$00000002)
    .ARM.Collect$$rtexit$$00000003           0x000002c0   Section        4  rtexit2.o(.ARM.Collect$$rtexit$$00000003)
    .ARM.Collect$$rtexit$$00000004           0x000002c4   Section        6  rtexit2.o(.ARM.Collect$$rtexit$$00000004)
    $v0                                      0x000002cc   Number         0  sysctl.o(.emb_text)
    .emb_text                                0x000002cc   Section        6  sysctl.o(.emb_text)
    $v0                                      0x000002d4   Number         0  startup_tm4c129.o(.text)
    .text                                    0x000002d4   Section      300  startup_tm4c129.o(.text)
    .text                                    0x00000400   Section        0  heapauxi.o(.text)
    .text                                    0x00000406   Section       74  sys_stackheap_outer.o(.text)
    .text                                    0x00000450   Section        0  exit.o(.text)
    .text                                    0x00000464   Section        8  libspace.o(.text)
    .text                                    0x0000046c   Section        0  sys_exit.o(.text)
    .text                                    0x00000478   Section        2  use_no_semi.o(.text)
    .text                                    0x0000047a   Section        0  indicate_semi.o(.text)
    [Anonymous Symbol]                       0x0000047c   Section        0  sysclock.o(.text.ES_getSystemClk)
    [Anonymous Symbol]                       0x00000488   Section        0  delay.o(.text.ES_msDelay)
    [Anonymous Symbol]                       0x000004c0   Section        0  sysclock.o(.text.ES_setSystemClk)
    [Anonymous Symbol]                       0x000005a0   Section        0  pwm.o(.text.PWM1_init)
    [Anonymous Symbol]                       0x00000660   Section        0  pwm.o(.text.PWM1_pulse_width)
    [Anonymous Symbol]                       0x000006a8   Section        0  pwm.o(.text.PWM1_setup)
    [Anonymous Symbol]                       0x00000760   Section        0  pwm.o(.text.PWM2_init)
    [Anonymous Symbol]                       0x00000820   Section        0  pwm.o(.text.PWM2_pulse_width)
    [Anonymous Symbol]                       0x00000868   Section        0  pwm.o(.text.PWM2_setup)
    [Anonymous Symbol]                       0x00000920   Section        0  pwm.o(.text.PWM3_init)
    [Anonymous Symbol]                       0x000009e0   Section        0  pwm.o(.text.PWM3_pulse_width)
    [Anonymous Symbol]                       0x00000a28   Section        0  pwm.o(.text.PWM3_setup)
    [Anonymous Symbol]                       0x00000ae0   Section        0  pwm.o(.text.PWM4_init)
    [Anonymous Symbol]                       0x00000ba0   Section        0  pwm.o(.text.PWM4_pulse_width)
    [Anonymous Symbol]                       0x00000be8   Section        0  pwm.o(.text.PWM4_setup)
    [Anonymous Symbol]                       0x00000ca0   Section        0  pwm.o(.text.PWM5_init)
    [Anonymous Symbol]                       0x00000d60   Section        0  pwm.o(.text.PWM5_pulse_width)
    [Anonymous Symbol]                       0x00000da8   Section        0  pwm.o(.text.PWM5_setup)
    [Anonymous Symbol]                       0x00000e60   Section        0  pwm.o(.text.PWM6_init)
    [Anonymous Symbol]                       0x00000f20   Section        0  pwm.o(.text.PWM6_pulse_width)
    [Anonymous Symbol]                       0x00000f68   Section        0  pwm.o(.text.PWM6_setup)
    [Anonymous Symbol]                       0x00001020   Section        0  pwm.o(.text.PWM_block_setup)
    [Anonymous Symbol]                       0x00001098   Section        0  system_tm4c129.o(.text.SystemInit)
    [Anonymous Symbol]                       0x000010bc   Section        0  main.o(.text.main)
    i.SysCtlClockFreqSet                     0x000011ac   Section        0  sysctl.o(i.SysCtlClockFreqSet)
    $v0                                      0x00001490   Number         0  d2f.o(x$fpl$d2f)
    x$fpl$d2f                                0x00001490   Section       98  d2f.o(x$fpl$d2f)
    $v0                                      0x000014f4   Number         0  ddiv.o(x$fpl$ddiv)
    x$fpl$ddiv                               0x000014f4   Section      696  ddiv.o(x$fpl$ddiv)
    ddiv_entry                               0x000014fb   Thumb Code     0  ddiv.o(x$fpl$ddiv)
    $v0                                      0x000017ac   Number         0  dfixu.o(x$fpl$dfixu)
    x$fpl$dfixu                              0x000017ac   Section       90  dfixu.o(x$fpl$dfixu)
    $v0                                      0x00001806   Number         0  dflt_clz.o(x$fpl$dflt)
    x$fpl$dflt                               0x00001806   Section       46  dflt_clz.o(x$fpl$dflt)
    $v0                                      0x00001834   Number         0  dmul.o(x$fpl$dmul)
    x$fpl$dmul                               0x00001834   Section      340  dmul.o(x$fpl$dmul)
    $v0                                      0x00001988   Number         0  dnaninf.o(x$fpl$dnaninf)
    x$fpl$dnaninf                            0x00001988   Section      156  dnaninf.o(x$fpl$dnaninf)
    $v0                                      0x00001a24   Number         0  dretinf.o(x$fpl$dretinf)
    x$fpl$dretinf                            0x00001a24   Section       12  dretinf.o(x$fpl$dretinf)
    $v0                                      0x00001a30   Number         0  fpinit.o(x$fpl$fpinit)
    x$fpl$fpinit                             0x00001a30   Section       26  fpinit.o(x$fpl$fpinit)
    $v0                                      0x00001a4a   Number         0  fretinf.o(x$fpl$fretinf)
    x$fpl$fretinf                            0x00001a4a   Section       10  fretinf.o(x$fpl$fretinf)
    g_pui32VCOFrequencies                    0x00001a54   Data           8  sysctl.o(.constdata)
    .constdata                               0x00001a54   Section      596  sysctl.o(.constdata)
    x$fpl$usenofp                            0x00001a54   Section        0  usenofp.o(x$fpl$usenofp)
    g_pui32Xtals                             0x00001a5c   Data         108  sysctl.o(.constdata)
    g_pppui32XTALtoVCO                       0x00001ac8   Data         432  sysctl.o(.constdata)
    g_sXTALtoMEMTIM                          0x00001c78   Data          48  sysctl.o(.constdata)
    .L__const.ES_setSystemClk.allowed_freq   0x00001ca8   Data          52  sysclock.o(.rodata..L__const.ES_setSystemClk.allowed_freq)
    .bss                                     0x20000008   Section       96  libspace.o(.bss)
    ui32SysClock                             0x20000068   Data           4  sysclock.o(.bss.ui32SysClock)
    [Anonymous Symbol]                       0x20000068   Section        0  sysclock.o(.bss.ui32SysClock)
    Heap_Mem                                 0x20000070   Data           0  startup_tm4c129.o(HEAP)
    Stack_Mem                                0x20000070   Data         512  startup_tm4c129.o(STACK)
    HEAP                                     0x20000070   Section        0  startup_tm4c129.o(HEAP)
    STACK                                    0x20000070   Section      512  startup_tm4c129.o(STACK)
    __initial_sp                             0x20000270   Data           0  startup_tm4c129.o(STACK)

    Global Symbols

    Symbol Name                              Value     Ov Type        Size  Object(Section)

    BuildAttributes$$THM_ISAv4$E$P$D$K$B$S$7EM$VFPi3$EXTD16$VFPS$VFMA$PE$A:L22UL41UL21$X:L11$S22US41US21$IEEE1$IW$~IW$USESV6$~STKCKD$USESV7$~SHL$OTIME$ROPI$EBA8$UX$STANDARDLIB$REQ8$PRES8$EABIv2 0x00000000   Number         0  anon$$obj.o ABSOLUTE
    __Vectors                                0x00000000   Data           4  startup_tm4c129.o(RESET)
    __ARM_exceptions_init                     - Undefined Weak Reference
    __alloca_initialize                       - Undefined Weak Reference
    __arm_preinit_                            - Undefined Weak Reference
    __arm_relocate_pie_                       - Undefined Weak Reference
    __cpp_initialize__aeabi_                  - Undefined Weak Reference
    __cxa_finalize                            - Undefined Weak Reference
    __rt_locale                               - Undefined Weak Reference
    __sigvec_lookup                           - Undefined Weak Reference
    _atexit_init                              - Undefined Weak Reference
    _call_atexit_fns                          - Undefined Weak Reference
    _clock_init                               - Undefined Weak Reference
    _fp_trap_init                             - Undefined Weak Reference
    _fp_trap_shutdown                         - Undefined Weak Reference
    _get_lc_collate                           - Undefined Weak Reference
    _get_lc_ctype                             - Undefined Weak Reference
    _get_lc_monetary                          - Undefined Weak Reference
    _get_lc_numeric                           - Undefined Weak Reference
    _get_lc_time                              - Undefined Weak Reference
    _getenv_init                              - Undefined Weak Reference
    _handle_redirection                       - Undefined Weak Reference
    _init_alloc                               - Undefined Weak Reference
    _init_user_alloc                          - Undefined Weak Reference
    _initio                                   - Undefined Weak Reference
    _rand_init                                - Undefined Weak Reference
    _signal_finish                            - Undefined Weak Reference
    _signal_init                              - Undefined Weak Reference
    _terminate_alloc                          - Undefined Weak Reference
    _terminate_user_alloc                     - Undefined Weak Reference
    _terminateio                              - Undefined Weak Reference
    __Vectors_End                            0x00000200   Data           0  startup_tm4c129.o(RESET)
    __Vectors_Size                           0x00000200   Number         0  startup_tm4c129.o ABSOLUTE
    __main                                   0x00000201   Thumb Code     8  __main.o(!!!main)
    __scatterload                            0x00000209   Thumb Code     0  __scatter.o(!!!scatter)
    __scatterload_rt2                        0x00000209   Thumb Code    84  __scatter.o(!!!scatter)
    __scatterload_rt2_thumb_only             0x00000209   Thumb Code     0  __scatter.o(!!!scatter)
    __scatterload_loop                       0x00000213   Thumb Code     0  __scatter.o(!!!scatter)
    __scatterload_copy                       0x00000265   Thumb Code    26  __scatter_copy.o(!!handler_copy)
    __scatterload_null                       0x00000281   Thumb Code     2  __scatter.o(!!handler_null)
    __scatterload_zeroinit                   0x00000285   Thumb Code    28  __scatter_zi.o(!!handler_zi)
    __rt_lib_init                            0x000002a1   Thumb Code     0  libinit.o(.ARM.Collect$$libinit$$00000000)
    __rt_lib_init_fp_1                       0x000002a3   Thumb Code     0  libinit2.o(.ARM.Collect$$libinit$$00000001)
    __rt_lib_init_alloca_1                   0x000002a7   Thumb Code     0  libinit2.o(.ARM.Collect$$libinit$$00000030)
    __rt_lib_init_argv_1                     0x000002a7   Thumb Code     0  libinit2.o(.ARM.Collect$$libinit$$0000002E)
    __rt_lib_init_atexit_1                   0x000002a7   Thumb Code     0  libinit2.o(.ARM.Collect$$libinit$$0000001D)
    __rt_lib_init_clock_1                    0x000002a7   Thumb Code     0  libinit2.o(.ARM.Collect$$libinit$$00000023)
    __rt_lib_init_cpp_1                      0x000002a7   Thumb Code     0  libinit2.o(.ARM.Collect$$libinit$$00000034)
    __rt_lib_init_exceptions_1               0x000002a7   Thumb Code     0  libinit2.o(.ARM.Collect$$libinit$$00000032)
    __rt_lib_init_fp_trap_1                  0x000002a7   Thumb Code     0  libinit2.o(.ARM.Collect$$libinit$$00000021)
    __rt_lib_init_getenv_1                   0x000002a7   Thumb Code     0  libinit2.o(.ARM.Collect$$libinit$$00000025)
    __rt_lib_init_heap_1                     0x000002a7   Thumb Code     0  libinit2.o(.ARM.Collect$$libinit$$0000000C)
    __rt_lib_init_lc_collate_1               0x000002a7   Thumb Code     0  libinit2.o(.ARM.Collect$$libinit$$00000013)
    __rt_lib_init_lc_ctype_1                 0x000002a7   Thumb Code     0  libinit2.o(.ARM.Collect$$libinit$$00000015)
    __rt_lib_init_lc_monetary_1              0x000002a7   Thumb Code     0  libinit2.o(.ARM.Collect$$libinit$$00000017)
    __rt_lib_init_lc_numeric_1               0x000002a7   Thumb Code     0  libinit2.o(.ARM.Collect$$libinit$$00000019)
    __rt_lib_init_lc_time_1                  0x000002a7   Thumb Code     0  libinit2.o(.ARM.Collect$$libinit$$0000001B)
    __rt_lib_init_preinit_1                  0x000002a7   Thumb Code     0  libinit2.o(.ARM.Collect$$libinit$$00000006)
    __rt_lib_init_rand_1                     0x000002a7   Thumb Code     0  libinit2.o(.ARM.Collect$$libinit$$00000010)
    __rt_lib_init_relocate_pie_1             0x000002a7   Thumb Code     0  libinit2.o(.ARM.Collect$$libinit$$00000004)
    __rt_lib_init_return                     0x000002a7   Thumb Code     0  libinit2.o(.ARM.Collect$$libinit$$00000035)
    __rt_lib_init_signal_1                   0x000002a7   Thumb Code     0  libinit2.o(.ARM.Collect$$libinit$$0000001F)
    __rt_lib_init_stdio_1                    0x000002a7   Thumb Code     0  libinit2.o(.ARM.Collect$$libinit$$00000027)
    __rt_lib_init_user_alloc_1               0x000002a7   Thumb Code     0  libinit2.o(.ARM.Collect$$libinit$$0000000E)
    __rt_lib_shutdown                        0x000002a9   Thumb Code     0  libshutdown.o(.ARM.Collect$$libshutdown$$00000000)
    __rt_lib_shutdown_cpp_1                  0x000002ab   Thumb Code     0  libshutdown2.o(.ARM.Collect$$libshutdown$$00000002)
    __rt_lib_shutdown_fp_trap_1              0x000002ab   Thumb Code     0  libshutdown2.o(.ARM.Collect$$libshutdown$$00000007)
    __rt_lib_shutdown_heap_1                 0x000002ab   Thumb Code     0  libshutdown2.o(.ARM.Collect$$libshutdown$$0000000F)
    __rt_lib_shutdown_return                 0x000002ab   Thumb Code     0  libshutdown2.o(.ARM.Collect$$libshutdown$$00000010)
    __rt_lib_shutdown_signal_1               0x000002ab   Thumb Code     0  libshutdown2.o(.ARM.Collect$$libshutdown$$0000000A)
    __rt_lib_shutdown_stdio_1                0x000002ab   Thumb Code     0  libshutdown2.o(.ARM.Collect$$libshutdown$$00000004)
    __rt_lib_shutdown_user_alloc_1           0x000002ab   Thumb Code     0  libshutdown2.o(.ARM.Collect$$libshutdown$$0000000C)
    __rt_entry                               0x000002ad   Thumb Code     0  __rtentry.o(.ARM.Collect$$rtentry$$00000000)
    __rt_entry_presh_1                       0x000002ad   Thumb Code     0  __rtentry2.o(.ARM.Collect$$rtentry$$00000002)
    __rt_entry_sh                            0x000002ad   Thumb Code     0  __rtentry4.o(.ARM.Collect$$rtentry$$00000004)
    __rt_entry_li                            0x000002b3   Thumb Code     0  __rtentry2.o(.ARM.Collect$$rtentry$$0000000A)
    __rt_entry_postsh_1                      0x000002b3   Thumb Code     0  __rtentry2.o(.ARM.Collect$$rtentry$$00000009)
    __rt_entry_main                          0x000002b7   Thumb Code     0  __rtentry2.o(.ARM.Collect$$rtentry$$0000000D)
    __rt_entry_postli_1                      0x000002b7   Thumb Code     0  __rtentry2.o(.ARM.Collect$$rtentry$$0000000C)
    __rt_exit                                0x000002bf   Thumb Code     0  rtexit.o(.ARM.Collect$$rtexit$$00000000)
    __rt_exit_ls                             0x000002c1   Thumb Code     0  rtexit2.o(.ARM.Collect$$rtexit$$00000003)
    __rt_exit_prels_1                        0x000002c1   Thumb Code     0  rtexit2.o(.ARM.Collect$$rtexit$$00000002)
    __rt_exit_exit                           0x000002c5   Thumb Code     0  rtexit2.o(.ARM.Collect$$rtexit$$00000004)
    SysCtlDelay                              0x000002cd   Thumb Code     6  sysctl.o(.emb_text)
    Reset_Handler                            0x000002d5   Thumb Code     8  startup_tm4c129.o(.text)
    NMI_Handler                              0x000002dd   Thumb Code     2  startup_tm4c129.o(.text)
    HardFault_Handler                        0x000002df   Thumb Code     2  startup_tm4c129.o(.text)
    MemManage_Handler                        0x000002e1   Thumb Code     2  startup_tm4c129.o(.text)
    BusFault_Handler                         0x000002e3   Thumb Code     2  startup_tm4c129.o(.text)
    UsageFault_Handler                       0x000002e5   Thumb Code     2  startup_tm4c129.o(.text)
    SVC_Handler                              0x000002e7   Thumb Code     2  startup_tm4c129.o(.text)
    DebugMon_Handler                         0x000002e9   Thumb Code     2  startup_tm4c129.o(.text)
    PendSV_Handler                           0x000002eb   Thumb Code     2  startup_tm4c129.o(.text)
    SysTick_Handler                          0x000002ed   Thumb Code     2  startup_tm4c129.o(.text)
    GPIOA_Handler                            0x000002ef   Thumb Code     2  startup_tm4c129.o(.text)
    GPIOB_Handler                            0x000002f1   Thumb Code     2  startup_tm4c129.o(.text)
    GPIOC_Handler                            0x000002f3   Thumb Code     2  startup_tm4c129.o(.text)
    GPIOD_Handler                            0x000002f5   Thumb Code     2  startup_tm4c129.o(.text)
    GPIOE_Handler                            0x000002f7   Thumb Code     2  startup_tm4c129.o(.text)
    UART0_Handler                            0x000002f9   Thumb Code     2  startup_tm4c129.o(.text)
    UART1_Handler                            0x000002fb   Thumb Code     2  startup_tm4c129.o(.text)
    SSI0_Handler                             0x000002fd   Thumb Code     2  startup_tm4c129.o(.text)
    I2C0_Handler                             0x000002ff   Thumb Code     2  startup_tm4c129.o(.text)
    PMW0_FAULT_Handler                       0x00000301   Thumb Code     2  startup_tm4c129.o(.text)
    PWM0_0_Handler                           0x00000303   Thumb Code     2  startup_tm4c129.o(.text)
    PWM0_1_Handler                           0x00000305   Thumb Code     2  startup_tm4c129.o(.text)
    PWM0_2_Handler                           0x00000307   Thumb Code     2  startup_tm4c129.o(.text)
    QEI0_Handler                             0x00000309   Thumb Code     2  startup_tm4c129.o(.text)
    ADC0SS0_Handler                          0x0000030b   Thumb Code     2  startup_tm4c129.o(.text)
    ADC0SS1_Handler                          0x0000030d   Thumb Code     2  startup_tm4c129.o(.text)
    ADC0SS2_Handler                          0x0000030f   Thumb Code     2  startup_tm4c129.o(.text)
    ADC0SS3_Handler                          0x00000311   Thumb Code     2  startup_tm4c129.o(.text)
    WDT0_Handler                             0x00000313   Thumb Code     2  startup_tm4c129.o(.text)
    TIMER0A_Handler                          0x00000315   Thumb Code     2  startup_tm4c129.o(.text)
    TIMER0B_Handler                          0x00000317   Thumb Code     2  startup_tm4c129.o(.text)
    TIMER1A_Handler                          0x00000319   Thumb Code     2  startup_tm4c129.o(.text)
    TIMER1B_Handler                          0x0000031b   Thumb Code     2  startup_tm4c129.o(.text)
    TIMER2A_Handler                          0x0000031d   Thumb Code     2  startup_tm4c129.o(.text)
    TIMER2B_Handler                          0x0000031f   Thumb Code     2  startup_tm4c129.o(.text)
    COMP0_Handler                            0x00000321   Thumb Code     2  startup_tm4c129.o(.text)
    COMP1_Handler                            0x00000323   Thumb Code     2  startup_tm4c129.o(.text)
    COMP2_Handler                            0x00000325   Thumb Code     2  startup_tm4c129.o(.text)
    SYSCTL_Handler                           0x00000327   Thumb Code     2  startup_tm4c129.o(.text)
    FLASH_Handler                            0x00000329   Thumb Code     2  startup_tm4c129.o(.text)
    GPIOF_Handler                            0x0000032b   Thumb Code     2  startup_tm4c129.o(.text)
    GPIOG_Handler                            0x0000032d   Thumb Code     2  startup_tm4c129.o(.text)
    GPIOH_Handler                            0x0000032f   Thumb Code     2  startup_tm4c129.o(.text)
    UART2_Handler                            0x00000331   Thumb Code     2  startup_tm4c129.o(.text)
    SSI1_Handler                             0x00000333   Thumb Code     2  startup_tm4c129.o(.text)
    TIMER3A_Handler                          0x00000335   Thumb Code     2  startup_tm4c129.o(.text)
    TIMER3B_Handler                          0x00000337   Thumb Code     2  startup_tm4c129.o(.text)
    I2C1_Handler                             0x00000339   Thumb Code     2  startup_tm4c129.o(.text)
    CAN0_Handler                             0x0000033b   Thumb Code     2  startup_tm4c129.o(.text)
    CAN1_Handler                             0x0000033d   Thumb Code     2  startup_tm4c129.o(.text)
    ETH_Handler                              0x0000033f   Thumb Code     2  startup_tm4c129.o(.text)
    HIB_Handler                              0x00000341   Thumb Code     2  startup_tm4c129.o(.text)
    USB0_Handler                             0x00000343   Thumb Code     2  startup_tm4c129.o(.text)
    PWM0_3_Handler                           0x00000345   Thumb Code     2  startup_tm4c129.o(.text)
    UDMA_Handler                             0x00000347   Thumb Code     2  startup_tm4c129.o(.text)
    UDMAERR_Handler                          0x00000349   Thumb Code     2  startup_tm4c129.o(.text)
    ADC1SS0_Handler                          0x0000034b   Thumb Code     2  startup_tm4c129.o(.text)
    ADC1SS1_Handler                          0x0000034d   Thumb Code     2  startup_tm4c129.o(.text)
    ADC1SS2_Handler                          0x0000034f   Thumb Code     2  startup_tm4c129.o(.text)
    ADC1SS3_Handler                          0x00000351   Thumb Code     2  startup_tm4c129.o(.text)
    EBI0_Handler                             0x00000353   Thumb Code     2  startup_tm4c129.o(.text)
    GPIOJ_Handler                            0x00000355   Thumb Code     2  startup_tm4c129.o(.text)
    GPIOK_Handler                            0x00000357   Thumb Code     2  startup_tm4c129.o(.text)
    GPIOL_Handler                            0x00000359   Thumb Code     2  startup_tm4c129.o(.text)
    SSI2_Handler                             0x0000035b   Thumb Code     2  startup_tm4c129.o(.text)
    SSI3_Handler                             0x0000035d   Thumb Code     2  startup_tm4c129.o(.text)
    UART3_Handler                            0x0000035f   Thumb Code     2  startup_tm4c129.o(.text)
    UART4_Handler                            0x00000361   Thumb Code     2  startup_tm4c129.o(.text)
    UART5_Handler                            0x00000363   Thumb Code     2  startup_tm4c129.o(.text)
    UART6_Handler                            0x00000365   Thumb Code     2  startup_tm4c129.o(.text)
    UART7_Handler                            0x00000367   Thumb Code     2  startup_tm4c129.o(.text)
    I2C2_Handler                             0x00000369   Thumb Code     2  startup_tm4c129.o(.text)
    I2C3_Handler                             0x0000036b   Thumb Code     2  startup_tm4c129.o(.text)
    TIMER4A_Handler                          0x0000036d   Thumb Code     2  startup_tm4c129.o(.text)
    TIMER4B_Handler                          0x0000036f   Thumb Code     2  startup_tm4c129.o(.text)
    TIMER5A_Handler                          0x00000371   Thumb Code     2  startup_tm4c129.o(.text)
    TIMER5B_Handler                          0x00000373   Thumb Code     2  startup_tm4c129.o(.text)
    WTIMER0A_Handler                         0x00000375   Thumb Code     2  startup_tm4c129.o(.text)
    WTIMER0B_Handler                         0x00000377   Thumb Code     2  startup_tm4c129.o(.text)
    WTIMER1A_Handler                         0x00000379   Thumb Code     2  startup_tm4c129.o(.text)
    WTIMER1B_Handler                         0x0000037b   Thumb Code     2  startup_tm4c129.o(.text)
    WTIMER2A_Handler                         0x0000037d   Thumb Code     2  startup_tm4c129.o(.text)
    WTIMER2B_Handler                         0x0000037f   Thumb Code     2  startup_tm4c129.o(.text)
    WTIMER3A_Handler                         0x00000381   Thumb Code     2  startup_tm4c129.o(.text)
    WTIMER3B_Handler                         0x00000383   Thumb Code     2  startup_tm4c129.o(.text)
    WTIMER4A_Handler                         0x00000385   Thumb Code     2  startup_tm4c129.o(.text)
    WTIMER4B_Handler                         0x00000387   Thumb Code     2  startup_tm4c129.o(.text)
    WTIMER5A_Handler                         0x00000389   Thumb Code     2  startup_tm4c129.o(.text)
    WTIMER5B_Handler                         0x0000038b   Thumb Code     2  startup_tm4c129.o(.text)
    FPU_Handler                              0x0000038d   Thumb Code     2  startup_tm4c129.o(.text)
    I2C4_Handler                             0x0000038f   Thumb Code     2  startup_tm4c129.o(.text)
    I2C5_Handler                             0x00000391   Thumb Code     2  startup_tm4c129.o(.text)
    GPIOM_Handler                            0x00000393   Thumb Code     2  startup_tm4c129.o(.text)
    GPION_Handler                            0x00000395   Thumb Code     2  startup_tm4c129.o(.text)
    TAMPER_Handler                           0x00000397   Thumb Code     2  startup_tm4c129.o(.text)
    GPIOP0_Handler                           0x00000399   Thumb Code     2  startup_tm4c129.o(.text)
    GPIOP1_Handler                           0x0000039b   Thumb Code     2  startup_tm4c129.o(.text)
    GPIOP2_Handler                           0x0000039d   Thumb Code     2  startup_tm4c129.o(.text)
    GPIOP3_Handler                           0x0000039f   Thumb Code     2  startup_tm4c129.o(.text)
    GPIOP4_Handler                           0x000003a1   Thumb Code     2  startup_tm4c129.o(.text)
    GPIOP5_Handler                           0x000003a3   Thumb Code     2  startup_tm4c129.o(.text)
    GPIOP6_Handler                           0x000003a5   Thumb Code     2  startup_tm4c129.o(.text)
    GPIOP7_Handler                           0x000003a7   Thumb Code     2  startup_tm4c129.o(.text)
    GPIOQ0_Handler                           0x000003a9   Thumb Code     2  startup_tm4c129.o(.text)
    GPIOQ1_Handler                           0x000003ab   Thumb Code     2  startup_tm4c129.o(.text)
    GPIOQ2_Handler                           0x000003ad   Thumb Code     2  startup_tm4c129.o(.text)
    GPIOQ3_Handler                           0x000003af   Thumb Code     2  startup_tm4c129.o(.text)
    GPIOQ4_Handler                           0x000003b1   Thumb Code     2  startup_tm4c129.o(.text)
    GPIOQ5_Handler                           0x000003b3   Thumb Code     2  startup_tm4c129.o(.text)
    GPIOQ6_Handler                           0x000003b5   Thumb Code     2  startup_tm4c129.o(.text)
    GPIOQ7_Handler                           0x000003b7   Thumb Code     2  startup_tm4c129.o(.text)
    GPIOR_Handler                            0x000003b9   Thumb Code     2  startup_tm4c129.o(.text)
    GPIOS_Handler                            0x000003bb   Thumb Code     2  startup_tm4c129.o(.text)
    SHAMD5_Handler                           0x000003bd   Thumb Code     2  startup_tm4c129.o(.text)
    AES_Handler                              0x000003bf   Thumb Code     2  startup_tm4c129.o(.text)
    DES3DES_Handler                          0x000003c1   Thumb Code     2  startup_tm4c129.o(.text)
    LCDCONTROLLER_Handler                    0x000003c3   Thumb Code     2  startup_tm4c129.o(.text)
    TIMER6A_Handler                          0x000003c5   Thumb Code     2  startup_tm4c129.o(.text)
    TIMER6B_Handler                          0x000003c7   Thumb Code     2  startup_tm4c129.o(.text)
    TIMER7A_Handler                          0x000003c9   Thumb Code     2  startup_tm4c129.o(.text)
    TIMER7B_Handler                          0x000003cb   Thumb Code     2  startup_tm4c129.o(.text)
    I2C6_Handler                             0x000003cd   Thumb Code     2  startup_tm4c129.o(.text)
    I2C7_Handler                             0x000003cf   Thumb Code     2  startup_tm4c129.o(.text)
    HIMSCANKEYBOARD_Handler                  0x000003d1   Thumb Code     2  startup_tm4c129.o(.text)
    ONEWIRE_Handler                          0x000003d3   Thumb Code     2  startup_tm4c129.o(.text)
    HIMPS2_Handler                           0x000003d5   Thumb Code     2  startup_tm4c129.o(.text)
    HIMLEDSEQUENCER_Handler                  0x000003d7   Thumb Code     2  startup_tm4c129.o(.text)
    HIMCONSUMERIR_Handler                    0x000003d9   Thumb Code     2  startup_tm4c129.o(.text)
    I2C8_Handler                             0x000003db   Thumb Code     2  startup_tm4c129.o(.text)
    I2C9_Handler                             0x000003dd   Thumb Code     2  startup_tm4c129.o(.text)
    GPIOT_Handler                            0x000003df   Thumb Code     2  startup_tm4c129.o(.text)
    __user_initial_stackheap                 0x000003e1   Thumb Code     0  startup_tm4c129.o(.text)
    __use_two_region_memory                  0x00000401   Thumb Code     2  heapauxi.o(.text)
    __rt_heap_escrow$2region                 0x00000403   Thumb Code     2  heapauxi.o(.text)
    __rt_heap_expand$2region                 0x00000405   Thumb Code     2  heapauxi.o(.text)
    __user_setup_stackheap                   0x00000407   Thumb Code    74  sys_stackheap_outer.o(.text)
    exit                                     0x00000451   Thumb Code    18  exit.o(.text)
    __user_libspace                          0x00000465   Thumb Code     8  libspace.o(.text)
    __user_perproc_libspace                  0x00000465   Thumb Code     0  libspace.o(.text)
    __user_perthread_libspace                0x00000465   Thumb Code     0  libspace.o(.text)
    _sys_exit                                0x0000046d   Thumb Code     8  sys_exit.o(.text)
    __I$use$semihosting                      0x00000479   Thumb Code     0  use_no_semi.o(.text)
    __use_no_semihosting_swi                 0x00000479   Thumb Code     2  use_no_semi.o(.text)
    __semihosting_library_function           0x0000047b   Thumb Code     0  indicate_semi.o(.text)
    ES_getSystemClk                          0x0000047d   Thumb Code    12  sysclock.o(.text.ES_getSystemClk)
    ES_msDelay                               0x00000489   Thumb Code    56  delay.o(.text.ES_msDelay)
    ES_setSystemClk                          0x000004c1   Thumb Code   216  sysclock.o(.text.ES_setSystemClk)
    PWM1_init                                0x000005a1   Thumb Code   192  pwm.o(.text.PWM1_init)
    PWM1_pulse_width                         0x00000661   Thumb Code    70  pwm.o(.text.PWM1_pulse_width)
    PWM1_setup                               0x000006a9   Thumb Code   176  pwm.o(.text.PWM1_setup)
    PWM2_init                                0x00000761   Thumb Code   190  pwm.o(.text.PWM2_init)
    PWM2_pulse_width                         0x00000821   Thumb Code    70  pwm.o(.text.PWM2_pulse_width)
    PWM2_setup                               0x00000869   Thumb Code   176  pwm.o(.text.PWM2_setup)
    PWM3_init                                0x00000921   Thumb Code   192  pwm.o(.text.PWM3_init)
    PWM3_pulse_width                         0x000009e1   Thumb Code    70  pwm.o(.text.PWM3_pulse_width)
    PWM3_setup                               0x00000a29   Thumb Code   176  pwm.o(.text.PWM3_setup)
    PWM4_init                                0x00000ae1   Thumb Code   190  pwm.o(.text.PWM4_init)
    PWM4_pulse_width                         0x00000ba1   Thumb Code    70  pwm.o(.text.PWM4_pulse_width)
    PWM4_setup                               0x00000be9   Thumb Code   176  pwm.o(.text.PWM4_setup)
    PWM5_init                                0x00000ca1   Thumb Code   192  pwm.o(.text.PWM5_init)
    PWM5_pulse_width                         0x00000d61   Thumb Code    70  pwm.o(.text.PWM5_pulse_width)
    PWM5_setup                               0x00000da9   Thumb Code   176  pwm.o(.text.PWM5_setup)
    PWM6_init                                0x00000e61   Thumb Code   190  pwm.o(.text.PWM6_init)
    PWM6_pulse_width                         0x00000f21   Thumb Code    70  pwm.o(.text.PWM6_pulse_width)
    PWM6_setup                               0x00000f69   Thumb Code   176  pwm.o(.text.PWM6_setup)
    PWM_block_setup                          0x00001021   Thumb Code   120  pwm.o(.text.PWM_block_setup)
    SystemInit                               0x00001099   Thumb Code    36  system_tm4c129.o(.text.SystemInit)
    main                                     0x000010bd   Thumb Code   240  main.o(.text.main)
    SysCtlClockFreqSet                       0x000011ad   Thumb Code   700  sysctl.o(i.SysCtlClockFreqSet)
    __aeabi_d2f                              0x00001491   Thumb Code     0  d2f.o(x$fpl$d2f)
    _d2f                                     0x00001491   Thumb Code    98  d2f.o(x$fpl$d2f)
    __aeabi_ddiv                             0x000014f5   Thumb Code     0  ddiv.o(x$fpl$ddiv)
    _ddiv                                    0x000014f5   Thumb Code   560  ddiv.o(x$fpl$ddiv)
    __aeabi_d2uiz                            0x000017ad   Thumb Code     0  dfixu.o(x$fpl$dfixu)
    _dfixu                                   0x000017ad   Thumb Code    90  dfixu.o(x$fpl$dfixu)
    __aeabi_i2d                              0x00001807   Thumb Code     0  dflt_clz.o(x$fpl$dflt)
    _dflt                                    0x00001807   Thumb Code    46  dflt_clz.o(x$fpl$dflt)
    __aeabi_dmul                             0x00001835   Thumb Code     0  dmul.o(x$fpl$dmul)
    _dmul                                    0x00001835   Thumb Code   332  dmul.o(x$fpl$dmul)
    __fpl_dnaninf                            0x00001989   Thumb Code   156  dnaninf.o(x$fpl$dnaninf)
    __fpl_dretinf                            0x00001a25   Thumb Code    12  dretinf.o(x$fpl$dretinf)
    _fp_init                                 0x00001a31   Thumb Code    26  fpinit.o(x$fpl$fpinit)
    __fplib_config_fpu_vfp                   0x00001a49   Thumb Code     0  fpinit.o(x$fpl$fpinit)
    __fplib_config_pureend_doubles           0x00001a49   Thumb Code     0  fpinit.o(x$fpl$fpinit)
    __fpl_fretinf                            0x00001a4b   Thumb Code    10  fretinf.o(x$fpl$fretinf)
    __I$use$fp                               0x00001a54   Number         0  usenofp.o(x$fpl$usenofp)
    Region$$Table$$Base                      0x00001cdc   Number         0  anon$$obj.o(Region$$Table)
    Region$$Table$$Limit                     0x00001cfc   Number         0  anon$$obj.o(Region$$Table)
    SystemCoreClock                          0x20000000   Data           4  system_tm4c129.o(.data.SystemCoreClock)
    __libspace_start                         0x20000008   Data          96  libspace.o(.bss)
    __temporary_stack_top$libspace           0x20000068   Data           0  libspace.o(.bss)



==============================================================================

Memory Map of the image

  Image Entry point : 0x000002d5

  Load Region LR_1 (Base: 0x00000000, Size: 0x00001d00, Max: 0xffffffff, ABSOLUTE)

    Execution Region ER_RO (Exec base: 0x00000000, Load base: 0x00000000, Size: 0x00001cfc, Max: 0xffffffff, ABSOLUTE)

    Exec Addr    Load Addr    Size         Type   Attr      Idx    E Section Name        Object

    0x00000000   0x00000000   0x00000200   Data   RO           72    RESET               startup_tm4c129.o
    0x00000200   0x00000200   0x00000008   Code   RO          615  * !!!main             c_w.l(__main.o)
    0x00000208   0x00000208   0x0000005c   Code   RO          805    !!!scatter          c_w.l(__scatter.o)
    0x00000264   0x00000264   0x0000001a   Code   RO          809    !!handler_copy      c_w.l(__scatter_copy.o)
    0x0000027e   0x0000027e   0x00000002   PAD
    0x00000280   0x00000280   0x00000002   Code   RO          806    !!handler_null      c_w.l(__scatter.o)
    0x00000282   0x00000282   0x00000002   PAD
    0x00000284   0x00000284   0x0000001c   Code   RO          811    !!handler_zi        c_w.l(__scatter_zi.o)
    0x000002a0   0x000002a0   0x00000002   Code   RO          667    .ARM.Collect$$libinit$$00000000  c_w.l(libinit.o)
    0x000002a2   0x000002a2   0x00000004   Code   RO          673    .ARM.Collect$$libinit$$00000001  c_w.l(libinit2.o)
    0x000002a6   0x000002a6   0x00000000   Code   RO          676    .ARM.Collect$$libinit$$00000004  c_w.l(libinit2.o)
    0x000002a6   0x000002a6   0x00000000   Code   RO          678    .ARM.Collect$$libinit$$00000006  c_w.l(libinit2.o)
    0x000002a6   0x000002a6   0x00000000   Code   RO          681    .ARM.Collect$$libinit$$0000000C  c_w.l(libinit2.o)
    0x000002a6   0x000002a6   0x00000000   Code   RO          683    .ARM.Collect$$libinit$$0000000E  c_w.l(libinit2.o)
    0x000002a6   0x000002a6   0x00000000   Code   RO          685    .ARM.Collect$$libinit$$00000010  c_w.l(libinit2.o)
    0x000002a6   0x000002a6   0x00000000   Code   RO          688    .ARM.Collect$$libinit$$00000013  c_w.l(libinit2.o)
    0x000002a6   0x000002a6   0x00000000   Code   RO          690    .ARM.Collect$$libinit$$00000015  c_w.l(libinit2.o)
    0x000002a6   0x000002a6   0x00000000   Code   RO          692    .ARM.Collect$$libinit$$00000017  c_w.l(libinit2.o)
    0x000002a6   0x000002a6   0x00000000   Code   RO          694    .ARM.Collect$$libinit$$00000019  c_w.l(libinit2.o)
    0x000002a6   0x000002a6   0x00000000   Code   RO          696    .ARM.Collect$$libinit$$0000001B  c_w.l(libinit2.o)
    0x000002a6   0x000002a6   0x00000000   Code   RO          698    .ARM.Collect$$libinit$$0000001D  c_w.l(libinit2.o)
    0x000002a6   0x000002a6   0x00000000   Code   RO          700    .ARM.Collect$$libinit$$0000001F  c_w.l(libinit2.o)
    0x000002a6   0x000002a6   0x00000000   Code   RO          702    .ARM.Collect$$libinit$$00000021  c_w.l(libinit2.o)
    0x000002a6   0x000002a6   0x00000000   Code   RO          704    .ARM.Collect$$libinit$$00000023  c_w.l(libinit2.o)
    0x000002a6   0x000002a6   0x00000000   Code   RO          706    .ARM.Collect$$libinit$$00000025  c_w.l(libinit2.o)
    0x000002a6   0x000002a6   0x00000000   Code   RO          708    .ARM.Collect$$libinit$$00000027  c_w.l(libinit2.o)
    0x000002a6   0x000002a6   0x00000000   Code   RO          712    .ARM.Collect$$libinit$$0000002E  c_w.l(libinit2.o)
    0x000002a6   0x000002a6   0x00000000   Code   RO          714    .ARM.Collect$$libinit$$00000030  c_w.l(libinit2.o)
    0x000002a6   0x000002a6   0x00000000   Code   RO          716    .ARM.Collect$$libinit$$00000032  c_w.l(libinit2.o)
    0x000002a6   0x000002a6   0x00000000   Code   RO          718    .ARM.Collect$$libinit$$00000034  c_w.l(libinit2.o)
    0x000002a6   0x000002a6   0x00000002   Code   RO          719    .ARM.Collect$$libinit$$00000035  c_w.l(libinit2.o)
    0x000002a8   0x000002a8   0x00000002   Code   RO          741    .ARM.Collect$$libshutdown$$00000000  c_w.l(libshutdown.o)
    0x000002aa   0x000002aa   0x00000000   Code   RO          756    .ARM.Collect$$libshutdown$$00000002  c_w.l(libshutdown2.o)
    0x000002aa   0x000002aa   0x00000000   Code   RO          758    .ARM.Collect$$libshutdown$$00000004  c_w.l(libshutdown2.o)
    0x000002aa   0x000002aa   0x00000000   Code   RO          761    .ARM.Collect$$libshutdown$$00000007  c_w.l(libshutdown2.o)
    0x000002aa   0x000002aa   0x00000000   Code   RO          764    .ARM.Collect$$libshutdown$$0000000A  c_w.l(libshutdown2.o)
    0x000002aa   0x000002aa   0x00000000   Code   RO          766    .ARM.Collect$$libshutdown$$0000000C  c_w.l(libshutdown2.o)
    0x000002aa   0x000002aa   0x00000000   Code   RO          769    .ARM.Collect$$libshutdown$$0000000F  c_w.l(libshutdown2.o)
    0x000002aa   0x000002aa   0x00000002   Code   RO          770    .ARM.Collect$$libshutdown$$00000010  c_w.l(libshutdown2.o)
    0x000002ac   0x000002ac   0x00000000   Code   RO          635    .ARM.Collect$$rtentry$$00000000  c_w.l(__rtentry.o)
    0x000002ac   0x000002ac   0x00000000   Code   RO          644    .ARM.Collect$$rtentry$$00000002  c_w.l(__rtentry2.o)
    0x000002ac   0x000002ac   0x00000006   Code   RO          656    .ARM.Collect$$rtentry$$00000004  c_w.l(__rtentry4.o)
    0x000002b2   0x000002b2   0x00000000   Code   RO          646    .ARM.Collect$$rtentry$$00000009  c_w.l(__rtentry2.o)
    0x000002b2   0x000002b2   0x00000004   Code   RO          647    .ARM.Collect$$rtentry$$0000000A  c_w.l(__rtentry2.o)
    0x000002b6   0x000002b6   0x00000000   Code   RO          649    .ARM.Collect$$rtentry$$0000000C  c_w.l(__rtentry2.o)
    0x000002b6   0x000002b6   0x00000008   Code   RO          650    .ARM.Collect$$rtentry$$0000000D  c_w.l(__rtentry2.o)
    0x000002be   0x000002be   0x00000002   Code   RO          671    .ARM.Collect$$rtexit$$00000000  c_w.l(rtexit.o)
    0x000002c0   0x000002c0   0x00000000   Code   RO          721    .ARM.Collect$$rtexit$$00000002  c_w.l(rtexit2.o)
    0x000002c0   0x000002c0   0x00000004   Code   RO          722    .ARM.Collect$$rtexit$$00000003  c_w.l(rtexit2.o)
    0x000002c4   0x000002c4   0x00000006   Code   RO          723    .ARM.Collect$$rtexit$$00000004  c_w.l(rtexit2.o)
    0x000002ca   0x000002ca   0x00000002   PAD
    0x000002cc   0x000002cc   0x00000006   Code   RO          115    .emb_text           ES.lib(sysctl.o)
    0x000002d2   0x000002d2   0x00000002   PAD
    0x000002d4   0x000002d4   0x0000012c   Code   RO           73  * .text               startup_tm4c129.o
    0x00000400   0x00000400   0x00000006   Code   RO          613    .text               c_w.l(heapauxi.o)
    0x00000406   0x00000406   0x0000004a   Code   RO          658    .text               c_w.l(sys_stackheap_outer.o)
    0x00000450   0x00000450   0x00000012   Code   RO          660    .text               c_w.l(exit.o)
    0x00000462   0x00000462   0x00000002   PAD
    0x00000464   0x00000464   0x00000008   Code   RO          668    .text               c_w.l(libspace.o)
    0x0000046c   0x0000046c   0x0000000c   Code   RO          731    .text               c_w.l(sys_exit.o)
    0x00000478   0x00000478   0x00000002   Code   RO          746    .text               c_w.l(use_no_semi.o)
    0x0000047a   0x0000047a   0x00000000   Code   RO          748    .text               c_w.l(indicate_semi.o)
    0x0000047a   0x0000047a   0x00000002   PAD
    0x0000047c   0x0000047c   0x0000000c   Code   RO           94    .text.ES_getSystemClk  ES.lib(sysclock.o)
    0x00000488   0x00000488   0x00000038   Code   RO          105    .text.ES_msDelay    ES.lib(delay.o)
    0x000004c0   0x000004c0   0x000000e0   Code   RO           92    .text.ES_setSystemClk  ES.lib(sysclock.o)
    0x000005a0   0x000005a0   0x000000c0   Code   RO           11    .text.PWM1_init     pwm.o
    0x00000660   0x00000660   0x00000046   Code   RO           35    .text.PWM1_pulse_width  pwm.o
    0x000006a6   0x000006a6   0x00000002   PAD
    0x000006a8   0x000006a8   0x000000b8   Code   RO           23    .text.PWM1_setup    pwm.o
    0x00000760   0x00000760   0x000000be   Code   RO           13    .text.PWM2_init     pwm.o
    0x0000081e   0x0000081e   0x00000002   PAD
    0x00000820   0x00000820   0x00000046   Code   RO           37    .text.PWM2_pulse_width  pwm.o
    0x00000866   0x00000866   0x00000002   PAD
    0x00000868   0x00000868   0x000000b8   Code   RO           25    .text.PWM2_setup    pwm.o
    0x00000920   0x00000920   0x000000c0   Code   RO           15    .text.PWM3_init     pwm.o
    0x000009e0   0x000009e0   0x00000046   Code   RO           39    .text.PWM3_pulse_width  pwm.o
    0x00000a26   0x00000a26   0x00000002   PAD
    0x00000a28   0x00000a28   0x000000b8   Code   RO           27    .text.PWM3_setup    pwm.o
    0x00000ae0   0x00000ae0   0x000000be   Code   RO           17    .text.PWM4_init     pwm.o
    0x00000b9e   0x00000b9e   0x00000002   PAD
    0x00000ba0   0x00000ba0   0x00000046   Code   RO           41    .text.PWM4_pulse_width  pwm.o
    0x00000be6   0x00000be6   0x00000002   PAD
    0x00000be8   0x00000be8   0x000000b8   Code   RO           29    .text.PWM4_setup    pwm.o
    0x00000ca0   0x00000ca0   0x000000c0   Code   RO           19    .text.PWM5_init     pwm.o
    0x00000d60   0x00000d60   0x00000046   Code   RO           43    .text.PWM5_pulse_width  pwm.o
    0x00000da6   0x00000da6   0x00000002   PAD
    0x00000da8   0x00000da8   0x000000b8   Code   RO           31    .text.PWM5_setup    pwm.o
    0x00000e60   0x00000e60   0x000000be   Code   RO           21    .text.PWM6_init     pwm.o
    0x00000f1e   0x00000f1e   0x00000002   PAD
    0x00000f20   0x00000f20   0x00000046   Code   RO           45    .text.PWM6_pulse_width  pwm.o
    0x00000f66   0x00000f66   0x00000002   PAD
    0x00000f68   0x00000f68   0x000000b8   Code   RO           33    .text.PWM6_setup    pwm.o
    0x00001020   0x00001020   0x00000078   Code   RO           47    .text.PWM_block_setup  pwm.o
    0x00001098   0x00001098   0x00000024   Code   RO           82    .text.SystemInit    system_tm4c129.o
    0x000010bc   0x000010bc   0x000000f0   Code   RO            2    .text.main          main.o
    0x000011ac   0x000011ac   0x000002e4   Code   RO          117    i.SysCtlClockFreqSet  ES.lib(sysctl.o)
    0x00001490   0x00001490   0x00000062   Code   RO          617    x$fpl$d2f           fz_wm.l(d2f.o)
    0x000014f2   0x000014f2   0x00000002   PAD
    0x000014f4   0x000014f4   0x000002b8   Code   RO          620    x$fpl$ddiv          fz_wm.l(ddiv.o)
    0x000017ac   0x000017ac   0x0000005a   Code   RO          623    x$fpl$dfixu         fz_wm.l(dfixu.o)
    0x00001806   0x00001806   0x0000002e   Code   RO          628    x$fpl$dflt          fz_wm.l(dflt_clz.o)
    0x00001834   0x00001834   0x00000154   Code   RO          633    x$fpl$dmul          fz_wm.l(dmul.o)
    0x00001988   0x00001988   0x0000009c   Code   RO          636    x$fpl$dnaninf       fz_wm.l(dnaninf.o)
    0x00001a24   0x00001a24   0x0000000c   Code   RO          638    x$fpl$dretinf       fz_wm.l(dretinf.o)
    0x00001a30   0x00001a30   0x0000001a   Code   RO          729    x$fpl$fpinit        fz_wm.l(fpinit.o)
    0x00001a4a   0x00001a4a   0x0000000a   Code   RO          640    x$fpl$fretinf       fz_wm.l(fretinf.o)
    0x00001a54   0x00001a54   0x00000000   Code   RO          642    x$fpl$usenofp       fz_wm.l(usenofp.o)
    0x00001a54   0x00001a54   0x00000254   Data   RO          171    .constdata          ES.lib(sysctl.o)
    0x00001ca8   0x00001ca8   0x00000034   Data   RO           96    .rodata..L__const.ES_setSystemClk.allowed_freq  ES.lib(sysclock.o)
    0x00001cdc   0x00001cdc   0x00000020   Data   RO          804    Region$$Table       anon$$obj.o


    Execution Region ER_RW (Exec base: 0x20000000, Load base: 0x00001cfc, Size: 0x00000004, Max: 0xffffffff, ABSOLUTE)

    Exec Addr    Load Addr    Size         Type   Attr      Idx    E Section Name        Object

    0x20000000   0x00001cfc   0x00000004   Data   RW           84    .data.SystemCoreClock  system_tm4c129.o


    Execution Region ER_ZI (Exec base: 0x20000008, Load base: 0x00001d00, Size: 0x00000268, Max: 0xffffffff, ABSOLUTE)

    Exec Addr    Load Addr    Size         Type   Attr      Idx    E Section Name        Object

    0x20000008        -       0x00000060   Zero   RW          669    .bss                c_w.l(libspace.o)
    0x20000068        -       0x00000004   Zero   RW           97    .bss.ui32SysClock   ES.lib(sysclock.o)
    0x2000006c   0x00001d00   0x00000004   PAD
    0x20000070        -       0x00000000   Zero   RW           71    HEAP                startup_tm4c129.o
    0x20000070        -       0x00000200   Zero   RW           70    STACK               startup_tm4c129.o


==============================================================================

Image component sizes


      Code (inc. data)   RO Data    RW Data    ZI Data      Debug   Object Name

       240          6          0          0          0        673   main.o
      2790         52          0          0          0      12749   pwm.o
       300         22        512          0        512       6048   startup_tm4c129.o
        36          0          0          4          0       1496   system_tm4c129.o

    ----------------------------------------------------------------------
      3384         80        544          4        512      20966   Object Totals
         0          0         32          0          0          0   (incl. Generated)
        18          0          0          0          0          0   (incl. Padding)

    ----------------------------------------------------------------------

      Code (inc. data)   RO Data    RW Data    ZI Data      Debug   Library Member Name

        56          0          0          0          0        719   delay.o
       236          8         52          0          4       1010   sysclock.o
       746         40        596          0          0       8341   sysctl.o
         8          0          0          0          0         68   __main.o
         0          0          0          0          0          0   __rtentry.o
        12          0          0          0          0          0   __rtentry2.o
         6          0          0          0          0          0   __rtentry4.o
        94          8          0          0          0          0   __scatter.o
        26          0          0          0          0          0   __scatter_copy.o
        28          0          0          0          0          0   __scatter_zi.o
        18          0          0          0          0         80   exit.o
         6          0          0          0          0        152   heapauxi.o
         0          0          0          0          0          0   indicate_semi.o
         2          0          0          0          0          0   libinit.o
         6          0          0          0          0          0   libinit2.o
         2          0          0          0          0          0   libshutdown.o
         2          0          0          0          0          0   libshutdown2.o
         8          4          0          0         96         68   libspace.o
         2          0          0          0          0          0   rtexit.o
        10          0          0          0          0          0   rtexit2.o
        12          4          0          0          0         68   sys_exit.o
        74          0          0          0          0         80   sys_stackheap_outer.o
         2          0          0          0          0         68   use_no_semi.o
        98          4          0          0          0        140   d2f.o
       696        140          0          0          0        264   ddiv.o
        90          4          0          0          0        140   dfixu.o
        46          0          0          0          0        116   dflt_clz.o
       340         12          0          0          0        152   dmul.o
       156          4          0          0          0        140   dnaninf.o
        12          0          0          0          0        116   dretinf.o
        26          0          0          0          0        116   fpinit.o
        10          0          0          0          0        116   fretinf.o
         0          0          0          0          0          0   usenofp.o

    ----------------------------------------------------------------------
      2844        228        648          0        104      11954   Library Totals
        14          0          0          0          4          0   (incl. Padding)

    ----------------------------------------------------------------------

      Code (inc. data)   RO Data    RW Data    ZI Data      Debug   Library Name

      1038         48        648          0          4      10070   ES.lib
       318         16          0          0         96        584   c_w.l
      1474        164          0          0          0       1300   fz_wm.l

    ----------------------------------------------------------------------
      2844        228        648          0        104      11954   Library Totals

    ----------------------------------------------------------------------

==============================================================================


      Code (inc. data)   RO Data    RW Data    ZI Data      Debug   

      6228        308       1192          4        616      31852   Grand Totals
      6228        308       1192          4        616      31852   ELF Image Totals
      6228        308       1192          4          0          0   ROM Totals

==============================================================================

    Total RO  Size (Code + RO Data)                 7420 (   7.25kB)
    Total RW  Size (RW Data + ZI Data)               620 (   0.61kB)
    Total ROM Size (Code + RO Data + RW Data)       7424 (   7.25kB)

==============================================================================

